====================================================================================================================================
① 生产 6 板块（因果锚，阈值 0，信号日 +60 交易日，组合净值口径）
====================================================================================================================================

====================================================================================================================================
① 生产 6 板块 · 全窗口
====================================================================================================================================
  策略                 n      期末盈利      命中率       均收益       中位      最差浮亏    浮亏>-8%    浮亏>-15%      最差期末
  S1 单点             17        14    82.4%   +11.38%  +10.41%   -23.61%     88.2%      88.2%    -7.40%
  S3 跌补1/3×3        17        15    88.2%    +8.39%   +7.48%   -20.96%     88.2%      94.1%    -7.12%
  S3x2 跌补1/2×2      17        14    82.4%    +9.67%   +8.08%   -22.74%     88.2%      94.1%    -7.34%
  S3x4 跌补1/4×4      17        14    82.4%    +7.84%   +6.44%   -19.70%     88.2%      94.1%    -6.56%
  S4 两段             17        15    88.2%    +9.84%  +10.38%   -22.19%     82.4%      88.2%    -9.10%
  S5 三段             17        14    82.4%    +7.69%   +8.26%   -22.19%     82.4%      88.2%    -9.34%

  【两次失败事件逐笔对比】(2024-01-23 那两次)
    S1 单点            SH        2024-01-23  期末 +11.46%   最大浮亏   -2.48%
    S1 单点            STAR      2024-02-01  期末 +11.18%   最大浮亏   -2.41%
    S1 单点            CHINEXT   2024-02-01  期末 +18.20%   最大浮亏   -2.43%
    S1 单点            CSI2000   2024-01-23  期末  -1.29%   最大浮亏  -23.61%
    S1 单点            CSI1000   2024-01-23  期末  +6.62%   最大浮亏  -15.48%
    S3 跌补1/3×3       SH        2024-01-23  期末 +12.02%   最大浮亏   -1.99%
    S3 跌补1/3×3       STAR      2024-02-01  期末  +9.15%   最大浮亏   -1.20%
    S3 跌补1/3×3       CHINEXT   2024-02-01  期末 +14.04%   最大浮亏   -1.22%
    S3 跌补1/3×3       CSI2000   2024-01-23  期末  +2.14%   最大浮亏  -20.96%
    S3 跌补1/3×3       CSI1000   2024-01-23  期末  +9.49%   最大浮亏  -13.21%
    S3x2 跌补1/2×2     SH        2024-01-23  期末 +11.47%   最大浮亏   -2.48%
    S3x2 跌补1/2×2     STAR      2024-02-01  期末 +12.55%   最大浮亏   -1.20%
    S3x2 跌补1/2×2     CHINEXT   2024-02-01  期末 +19.67%   最大浮亏   -1.22%
    S3x2 跌补1/2×2     CSI2000   2024-01-23  期末  -0.16%   最大浮亏  -22.74%
    S3x2 跌补1/2×2     CSI1000   2024-01-23  期末  +7.64%   最大浮亏  -14.68%
    S3x4 跌补1/4×4     SH        2024-01-23  期末 +12.59%   最大浮亏   -1.50%
    S3x4 跌补1/4×4     STAR      2024-02-01  期末  +7.45%   最大浮亏   -1.20%
    S3x4 跌补1/4×4     CHINEXT   2024-02-01  期末 +11.22%   最大浮亏   -1.22%
    S3x4 跌补1/4×4     CSI2000   2024-01-23  期末  +3.77%   最大浮亏  -19.70%
    S3x4 跌补1/4×4     CSI1000   2024-01-23  期末 +10.62%   最大浮亏  -12.32%
    S4 两段            SH        2024-01-23  期末 +11.09%   最大浮亏   -2.48%
    S4 两段            STAR      2024-02-01  期末  +5.77%   最大浮亏   -2.41%
    S4 两段            CHINEXT   2024-02-01  期末 +12.51%   最大浮亏   -2.43%
    S4 两段            CSI2000   2024-01-23  期末 +11.78%   最大浮亏  -22.19%
    S4 两段            CSI1000   2024-01-23  期末 +12.28%   最大浮亏  -15.48%
    S5 三段            SH        2024-01-23  期末  +8.87%   最大浮亏   -2.48%
    S5 三段            STAR      2024-02-01  期末  +2.35%   最大浮亏   -2.90%
    S5 三段            CHINEXT   2024-02-01  期末  +9.65%   最大浮亏   -2.43%
    S5 三段            CSI2000   2024-01-23  期末  +9.82%   最大浮亏  -22.19%
    S5 三段            CSI1000   2024-01-23  期末  +9.89%   最大浮亏  -15.48%

====================================================================================================================================
② 长历史 8 宽基 · trailing-750 锚
====================================================================================================================================
  策略                 n      期末盈利      命中率       均收益       中位      最差浮亏    浮亏>-8%    浮亏>-15%      最差期末
  S1 单点             77        53    68.8%    +3.22%   +6.11%   -35.91%     75.3%      85.7%   -29.09%
  S3 跌补1/3×3        77        56    72.7%    +2.26%   +4.35%   -31.73%     81.8%      87.0%   -24.47%
  S3x2 跌补1/2×2      77        56    72.7%    +2.86%   +4.82%   -34.03%     80.5%      87.0%   -27.01%
  S3x4 跌补1/4×4      77        57    74.0%    +1.92%   +3.95%   -29.68%     84.4%      87.0%   -21.89%
  S4 两段             77        51    66.2%    +2.20%   +5.27%   -32.02%     64.9%      85.7%   -24.37%
  S5 三段             77        56    72.7%    +1.61%   +4.64%   -29.55%     63.6%      85.7%   -22.06%

====================================================================================================================================
②b 长历史 · trailing-750 锚 · 仅交付窗口
====================================================================================================================================
  策略                 n      期末盈利      命中率       均收益       中位      最差浮亏    浮亏>-8%    浮亏>-15%      最差期末
  S1 单点             23        18    78.3%    +6.52%   +8.61%   -15.48%     91.3%      95.7%    -7.97%
  S3 跌补1/3×3        23        18    78.3%    +4.33%   +4.68%   -13.21%     95.7%     100.0%    -7.50%
  S3x2 跌补1/2×2      23        18    78.3%    +5.35%   +5.55%   -14.68%     95.7%     100.0%    -7.70%
  S3x4 跌补1/4×4      23        18    78.3%    +3.61%   +3.92%   -12.32%     95.7%     100.0%    -7.22%
  S4 两段             23        18    78.3%    +4.78%   +6.99%   -15.48%     73.9%      95.7%    -9.68%
  S5 三段             23        18    78.3%    +3.25%   +5.69%   -15.48%     69.6%      95.7%    -9.81%

====================================================================================================================================
③ 长历史 8 宽基 · 扩展因果锚（含 2015-2016）
====================================================================================================================================
  策略                 n      期末盈利      命中率       均收益       中位      最差浮亏    浮亏>-8%    浮亏>-15%      最差期末
  S1 单点             35        29    82.9%    +4.87%   +9.39%   -35.91%     74.3%      82.9%   -29.09%
  S3 跌补1/3×3        35        29    82.9%    +2.78%   +6.00%   -31.73%     80.0%      82.9%   -24.47%
  S3x2 跌补1/2×2      35        29    82.9%    +3.85%   +8.76%   -34.03%     80.0%      82.9%   -27.01%
  S3x4 跌补1/4×4      35        29    82.9%    +2.05%   +4.91%   -29.68%     82.9%      82.9%   -21.89%
  S4 两段             35        26    74.3%    +3.22%   +7.65%   -32.02%     71.4%      82.9%   -24.37%
  S5 三段             35        26    74.3%    +2.64%   +6.08%   -29.55%     71.4%      82.9%   -22.06%

  【分年度 · 期末盈利】（扩展锚，命中/总数）
    策略                   2015     2016     2020     2022     2024     2025
    S1 单点                6/12      6/6      4/4      5/5      1/1      7/7
    S3 跌补1/3×3           6/12      6/6      4/4      5/5      1/1      7/7
    S3x2 跌补1/2×2         6/12      6/6      4/4      5/5      1/1      7/7
    S3x4 跌补1/4×4         6/12      6/6      4/4      5/5      1/1      7/7
    S4 两段                6/12      6/6      1/4      5/5      1/1      7/7
    S5 三段                6/12      6/6      1/4      5/5      1/1      7/7

  【平均最大浮亏】
    S1 单点            生产               均值  -3.68%   中位数  -0.85%
    S1 单点            长历史-扩展锚          均值  -7.70%   中位数  -2.05%
    S3 跌补1/3×3       生产               均值  -3.21%   中位数  -1.20%
    S3 跌补1/3×3       长历史-扩展锚          均值  -6.49%   中位数  -0.91%
    S3x2 跌补1/2×2     生产               均值  -3.44%   中位数  -1.05%
    S3x2 跌补1/2×2     长历史-扩展锚          均值  -6.96%   中位数  -1.14%
    S3x4 跌补1/4×4     生产               均值  -3.15%   中位数  -1.22%
    S3x4 跌补1/4×4     长历史-扩展锚          均值  -6.16%   中位数  -1.03%
    S4 两段            生产               均值  -3.89%   中位数  -1.93%
    S4 两段            长历史-扩展锚          均值  -7.76%   中位数  -2.81%
    S5 三段            生产               均值  -4.07%   中位数  -2.43%
    S5 三段            长历史-扩展锚          均值  -7.39%   中位数  -2.81%
