============================================================================================================================
① 生产 6 板块（因果锚，阈值 0，H=20 主口径）
============================================================================================================================
  全部信号                         n= 33  命中 25/33   75.8%  下界  59.0%   均T+20  +5.96%   最差浮亏  -23.61%   T+60盈利  72.7%

  【共振广度 reso 分组】
  reso = 0                     n= 22  命中 16/22   72.7%  下界  51.8%   均T+20  +4.87%   最差浮亏   -7.20%   T+60盈利  63.6%
  reso = 1                     n=  3  命中 1/3    33.3%  下界   6.1%   均T+20  +0.46%   最差浮亏  -23.61%   T+60盈利  66.7%
  reso = 2                     n=  4  命中 4/4   100.0%  下界  51.0%   均T+20 +11.10%   最差浮亏   -2.17%   T+60盈利 100.0%
  reso = 3                     n=  2  命中 2/2   100.0%  下界  34.2%   均T+20 +15.07%   最差浮亏   -2.43%   T+60盈利 100.0%
  reso = 6                     n=  2  命中 2/2   100.0%  下界  34.2%   均T+20  +6.87%   最差浮亏   +2.47%   T+60盈利 100.0%

  【共振门槛：reso >= X】
  reso >= 1                    n= 11  命中 9/11   81.8%  下界  52.3%   均T+20  +8.15%   最差浮亏  -23.61%   T+60盈利  90.9%
  reso >= 2                    n=  8  命中 8/8   100.0%  下界  67.6%   均T+20 +11.03%   最差浮亏   -2.43%   T+60盈利 100.0%
  reso >= 3                    n=  4  命中 4/4   100.0%  下界  51.0%   均T+20 +10.97%   最差浮亏   -2.43%   T+60盈利 100.0%
  reso >= 4                    n=  2  命中 2/2   100.0%  下界  34.2%   均T+20  +6.87%   最差浮亏   +2.47%   T+60盈利 100.0%
  reso >= 5                    n=  2  命中 2/2   100.0%  下界  34.2%   均T+20  +6.87%   最差浮亏   +2.47%   T+60盈利 100.0%
  reso >= 6                    n=  2  命中 2/2   100.0%  下界  34.2%   均T+20  +6.87%   最差浮亏   +2.47%   T+60盈利 100.0%

  【gap 分组（自己 − 当日其他板块中位数）】
  gap ∈ [-99, -12)             n=  4  命中 2/4    50.0%  下界  15.0%   均T+20  +4.35%   最差浮亏  -23.61%   T+60盈利  50.0%
  gap ∈ [-12, -6)              n=  5  命中 3/5    60.0%  下界  23.1%   均T+20  +1.26%   最差浮亏   -7.20%   T+60盈利  20.0%
  gap ∈ [-6, -2)               n=  9  命中 7/9    77.8%  下界  45.3%   均T+20  +6.63%   最差浮亏  -15.48%   T+60盈利  77.8%
  gap ∈ [-2, 0)                n=  6  命中 5/6    83.3%  下界  43.6%   均T+20  +8.09%   最差浮亏   -6.08%   T+60盈利  83.3%
  gap ∈ [0, 99)                n=  9  命中 8/9    88.9%  下界  56.5%   均T+20  +7.20%   最差浮亏   -3.40%   T+60盈利 100.0%

  【rank 分组（0 = 全场最惨）】
  rank = 0                     n= 10  命中 6/10   60.0%  下界  31.3%   均T+20  +3.75%   最差浮亏  -23.61%   T+60盈利  40.0%
  rank = 1                     n=  7  命中 6/7    85.7%  下界  48.7%   均T+20  +6.68%   最差浮亏   -7.04%   T+60盈利  71.4%
  rank = 2                     n=  7  命中 5/7    71.4%  下界  35.9%   均T+20  +6.80%   最差浮亏  -15.48%   T+60盈利  85.7%
  rank = 3                     n=  6  命中 5/6    83.3%  下界  43.6%   均T+20  +7.78%   最差浮亏   -3.40%   T+60盈利 100.0%
  rank = 4                     n=  1  命中 1/1   100.0%  下界  20.7%   均T+20  +5.35%   最差浮亏   +0.99%   T+60盈利 100.0%
  rank = 5                     n=  2  命中 2/2   100.0%  下界  34.2%   均T+20  +6.39%   最差浮亏   +2.47%   T+60盈利 100.0%

  【两次失败事件在哪一组】
  board       date     ret20     mdd20  reso     frac        gap  rank  lowN
     SH 2022-03-10 -0.039127 -0.070425     0 0.000000  -3.429842     1     2
   STAR 2023-08-17 -0.032488 -0.043915     0 0.000000 -12.489797     0     1
CHINEXT 2022-01-28 -0.055108 -0.060824     0 0.000000  -0.423403     2     2
CHINEXT 2022-09-20 -0.022119 -0.055202     0 0.000000  -8.553960     0     1
CSI2000 2022-03-16 -0.033993 -0.033993     0 0.000000   7.371887     3     3
CSI2000 2024-01-23 -0.067916 -0.236112     1 0.166667 -12.943470     0     3
CSI1000 2024-01-23  0.014257 -0.154846     1 0.166667  -5.971710     2     3
  HS300 2022-03-10 -0.044904 -0.071986     0 0.000000 -10.956848     0     2

============================================================================================================================
② 长历史 8 宽基 · trailing-750
============================================================================================================================
  全部信号                         n= 77  命中 48/77   62.3%  下界  51.2%   均T+20  +2.53%   最差浮亏  -25.87%   T+60盈利  68.8%
  　└ 仅交付窗口                     n= 23  命中 21/23   91.3%  下界  73.2%   均T+20  +6.20%   最差浮亏  -15.48%   T+60盈利  78.3%

  【共振门槛 reso >= X】
  reso >= 1                    n= 36  命中 29/36   80.6%  下界  65.0%   均T+20  +5.69%   最差浮亏   -8.83%   T+60盈利  91.7%
  reso >= 2                    n= 18  命中 13/18   72.2%  下界  49.1%   均T+20  +5.86%   最差浮亏   -8.83%   T+60盈利 100.0%
  reso >= 3                    n= 10  命中 8/10   80.0%  下界  49.0%   均T+20  +6.94%   最差浮亏   -8.83%   T+60盈利 100.0%
  reso >= 4                    n=  5  命中 5/5   100.0%  下界  56.6%   均T+20  +8.16%   最差浮亏   +1.05%   T+60盈利 100.0%
  reso >= 5                    n=  5  命中 5/5   100.0%  下界  56.6%   均T+20  +8.16%   最差浮亏   +1.05%   T+60盈利 100.0%
  reso >= 6                    n=  5  命中 5/5   100.0%  下界  56.6%   均T+20  +8.16%   最差浮亏   +1.05%   T+60盈利 100.0%
  reso >= 7                    无样本
  reso >= 8                    无样本

  【gap 分组】
  gap ∈ [-99, -12)             n= 11  命中 5/11   45.5%  下界  21.3%   均T+20  +4.22%   最差浮亏  -25.87%   T+60盈利  90.9%
  gap ∈ [-12, -6)              n=  8  命中 5/8    62.5%  下界  30.6%   均T+20  +4.09%   最差浮亏   -8.83%   T+60盈利  75.0%
  gap ∈ [-6, -2)               n= 15  命中 8/15   53.3%  下界  30.1%   均T+20  +0.02%   最差浮亏  -20.40%   T+60盈利  40.0%
  gap ∈ [-2, 0)                n= 17  命中 10/17   58.8%  下界  36.0%   均T+20  +1.73%   最差浮亏  -18.11%   T+60盈利  64.7%
  gap ∈ [0, 99)                n= 26  命中 20/26   76.9%  下界  57.9%   均T+20  +3.31%   最差浮亏  -16.30%   T+60盈利  76.9%

  【分年度 reso>=1 / 全部】
                      2015      2016      2019      2020      2021      2022      2023      2024      2025      2026
    全部                4/12       5/6       0/4      6/10       1/1     11/21       5/5       1/3       8/8       7/7
    reso>=2            4/4       2/3         -       0/3         -       6/7         -       1/1         -         -
    reso>=3            4/4       2/3         -         -         -       1/2         -       1/1         -         -

============================================================================================================================
② 长历史 8 宽基 · 扩展因果锚（含 2015-2016）
============================================================================================================================
  全部信号                         n= 35  命中 27/35   77.1%  下界  61.0%   均T+20  +2.85%   最差浮亏  -25.87%   T+60盈利  82.9%
  　└ 仅交付窗口                     n=  8  命中 8/8   100.0%  下界  67.6%   均T+20  +8.60%   最差浮亏   +0.80%   T+60盈利 100.0%

  【共振门槛 reso >= X】
  reso >= 1                    n=  3  命中 3/3   100.0%  下界  43.8%   均T+20 +10.14%   最差浮亏   +6.55%   T+60盈利 100.0%
  reso >= 2                    n=  3  命中 3/3   100.0%  下界  43.8%   均T+20 +10.14%   最差浮亏   +6.55%   T+60盈利 100.0%
  reso >= 3                    n=  3  命中 3/3   100.0%  下界  43.8%   均T+20 +10.14%   最差浮亏   +6.55%   T+60盈利 100.0%
  reso >= 4                    n=  3  命中 3/3   100.0%  下界  43.8%   均T+20 +10.14%   最差浮亏   +6.55%   T+60盈利 100.0%
  reso >= 5                    n=  3  命中 3/3   100.0%  下界  43.8%   均T+20 +10.14%   最差浮亏   +6.55%   T+60盈利 100.0%
  reso >= 6                    n=  3  命中 3/3   100.0%  下界  43.8%   均T+20 +10.14%   最差浮亏   +6.55%   T+60盈利 100.0%
  reso >= 7                    无样本
  reso >= 8                    无样本

  【gap 分组】
  gap ∈ [-99, -12)             n=  4  命中 3/4    75.0%  下界  30.1%   均T+20  +7.21%   最差浮亏  -25.87%   T+60盈利  75.0%
  gap ∈ [-12, -6)              n=  5  命中 5/5   100.0%  下界  56.6%   均T+20  +7.36%   最差浮亏   -1.83%   T+60盈利 100.0%
  gap ∈ [-6, -2)               n=  7  命中 6/7    85.7%  下界  48.7%   均T+20  +2.12%   最差浮亏  -20.40%   T+60盈利  85.7%
  gap ∈ [-2, 0)                n=  8  命中 5/8    62.5%  下界  30.6%   均T+20  +0.64%   最差浮亏  -18.11%   T+60盈利  87.5%
  gap ∈ [0, 99)                n= 11  命中 8/11   72.7%  下界  43.4%   均T+20  +1.27%   最差浮亏  -16.30%   T+60盈利  72.7%

  【分年度 reso>=1 / 全部】
                      2015      2016      2020      2022      2024      2025
    全部                4/12       6/6       4/4       5/5       1/1       7/7
    reso>=2            3/3         -         -         -         -         -
    reso>=3            3/3         -         -         -         -         -
