==================================================================================================================================
① 门槛扫描：reso（绝对个数） vs frac（比例）—— 两个样本集板块数不同，必须用 frac 统一
==================================================================================================================================

  【生产 6 板块】  全部 n=33
  　无过滤                           n= 33  命中 25/33   75.8%  下界  59.0%   均T+20  +5.96%   最差浮亏  -23.61%   T+60盈利 24/33  72.7%
  　reso >= 1                     n= 11  命中 9/11   81.8%  下界  52.3%   均T+20  +8.15%   最差浮亏  -23.61%   T+60盈利 10/11  90.9%
  　reso >= 2                     n=  8  命中 8/8   100.0%  下界  67.6%   均T+20 +11.03%   最差浮亏   -2.43%   T+60盈利 8/8 100.0%
  　reso >= 3                     n=  4  命中 4/4   100.0%  下界  51.0%   均T+20 +10.97%   最差浮亏   -2.43%   T+60盈利 4/4 100.0%
  　reso >= 4                     n=  2  命中 2/2   100.0%  下界  34.2%   均T+20  +6.87%   最差浮亏   +2.47%   T+60盈利 2/2 100.0%
  　reso >= 5                     n=  2  命中 2/2   100.0%  下界  34.2%   均T+20  +6.87%   最差浮亏   +2.47%   T+60盈利 2/2 100.0%
  　reso >= 6                     n=  2  命中 2/2   100.0%  下界  34.2%   均T+20  +6.87%   最差浮亏   +2.47%   T+60盈利 2/2 100.0%
  　frac >= 0.15                  n= 11  命中 9/11   81.8%  下界  52.3%   均T+20  +8.15%   最差浮亏  -23.61%   T+60盈利 10/11  90.9%
  　frac >= 0.25                  n=  8  命中 8/8   100.0%  下界  67.6%   均T+20 +11.03%   最差浮亏   -2.43%   T+60盈利 8/8 100.0%
  　frac >= 0.34                  n=  4  命中 4/4   100.0%  下界  51.0%   均T+20 +10.97%   最差浮亏   -2.43%   T+60盈利 4/4 100.0%
  　frac >= 0.50                  n=  4  命中 4/4   100.0%  下界  51.0%   均T+20 +10.97%   最差浮亏   -2.43%   T+60盈利 4/4 100.0%
  　frac >= 0.60                  n=  2  命中 2/2   100.0%  下界  34.2%   均T+20  +6.87%   最差浮亏   +2.47%   T+60盈利 2/2 100.0%
  　reso>=2 且 gap>=-99            n=  8  命中 8/8   100.0%  下界  67.6%   均T+20 +11.03%   最差浮亏   -2.43%   T+60盈利 8/8 100.0%
  　reso>=2 且 gap>=-12            n=  6  命中 6/6   100.0%  下界  61.0%   均T+20 +10.14%   最差浮亏   -2.43%   T+60盈利 6/6 100.0%
  　reso>=2 且 gap>=-8             n=  6  命中 6/6   100.0%  下界  61.0%   均T+20 +10.14%   最差浮亏   -2.43%   T+60盈利 6/6 100.0%
  　reso>=2 且 gap>=-6             n=  6  命中 6/6   100.0%  下界  61.0%   均T+20 +10.14%   最差浮亏   -2.43%   T+60盈利 6/6 100.0%

  【长历史 8 宽基·trail】  全部 n=77
  　无过滤                           n= 77  命中 48/77   62.3%  下界  51.2%   均T+20  +2.53%   最差浮亏  -25.87%   T+60盈利 53/77  68.8%
  　reso >= 1                     n= 36  命中 29/36   80.6%  下界  65.0%   均T+20  +5.69%   最差浮亏   -8.83%   T+60盈利 33/36  91.7%
  　reso >= 2                     n= 18  命中 13/18   72.2%  下界  49.1%   均T+20  +5.86%   最差浮亏   -8.83%   T+60盈利 18/18 100.0%
  　reso >= 3                     n= 10  命中 8/10   80.0%  下界  49.0%   均T+20  +6.94%   最差浮亏   -8.83%   T+60盈利 10/10 100.0%
  　reso >= 4                     n=  5  命中 5/5   100.0%  下界  56.6%   均T+20  +8.16%   最差浮亏   +1.05%   T+60盈利 5/5 100.0%
  　reso >= 5                     n=  5  命中 5/5   100.0%  下界  56.6%   均T+20  +8.16%   最差浮亏   +1.05%   T+60盈利 5/5 100.0%
  　reso >= 6                     n=  5  命中 5/5   100.0%  下界  56.6%   均T+20  +8.16%   最差浮亏   +1.05%   T+60盈利 5/5 100.0%
  　frac >= 0.15                  n= 18  命中 13/18   72.2%  下界  49.1%   均T+20  +5.86%   最差浮亏   -8.83%   T+60盈利 18/18 100.0%
  　frac >= 0.25                  n= 18  命中 13/18   72.2%  下界  49.1%   均T+20  +5.86%   最差浮亏   -8.83%   T+60盈利 18/18 100.0%
  　frac >= 0.34                  n= 10  命中 8/10   80.0%  下界  49.0%   均T+20  +6.94%   最差浮亏   -8.83%   T+60盈利 10/10 100.0%
  　frac >= 0.50                  n=  8  命中 7/8    87.5%  下界  52.9%   均T+20  +6.72%   最差浮亏   -3.13%   T+60盈利 8/8 100.0%
  　frac >= 0.60                  n=  5  命中 5/5   100.0%  下界  56.6%   均T+20  +8.16%   最差浮亏   +1.05%   T+60盈利 5/5 100.0%
  　reso>=2 且 gap>=-99            n= 18  命中 13/18   72.2%  下界  49.1%   均T+20  +5.86%   最差浮亏   -8.83%   T+60盈利 18/18 100.0%
  　reso>=2 且 gap>=-12            n= 14  命中 11/14   78.6%  下界  52.4%   均T+20  +5.20%   最差浮亏   -8.83%   T+60盈利 14/14 100.0%
  　reso>=2 且 gap>=-8             n= 12  命中 11/12   91.7%  下界  64.6%   均T+20  +5.72%   最差浮亏   -3.13%   T+60盈利 12/12 100.0%
  　reso>=2 且 gap>=-6             n= 12  命中 11/12   91.7%  下界  64.6%   均T+20  +5.72%   最差浮亏   -3.13%   T+60盈利 12/12 100.0%

  【长历史 8 宽基·扩展锚】  全部 n=35
  　无过滤                           n= 35  命中 27/35   77.1%  下界  61.0%   均T+20  +2.85%   最差浮亏  -25.87%   T+60盈利 29/35  82.9%
  　reso >= 1                     n=  3  命中 3/3   100.0%  下界  43.8%   均T+20 +10.14%   最差浮亏   +6.55%   T+60盈利 3/3 100.0%
  　reso >= 2                     n=  3  命中 3/3   100.0%  下界  43.8%   均T+20 +10.14%   最差浮亏   +6.55%   T+60盈利 3/3 100.0%
  　reso >= 3                     n=  3  命中 3/3   100.0%  下界  43.8%   均T+20 +10.14%   最差浮亏   +6.55%   T+60盈利 3/3 100.0%
  　reso >= 4                     n=  3  命中 3/3   100.0%  下界  43.8%   均T+20 +10.14%   最差浮亏   +6.55%   T+60盈利 3/3 100.0%
  　reso >= 5                     n=  3  命中 3/3   100.0%  下界  43.8%   均T+20 +10.14%   最差浮亏   +6.55%   T+60盈利 3/3 100.0%
  　reso >= 6                     n=  3  命中 3/3   100.0%  下界  43.8%   均T+20 +10.14%   最差浮亏   +6.55%   T+60盈利 3/3 100.0%
  　frac >= 0.15                  n=  3  命中 3/3   100.0%  下界  43.8%   均T+20 +10.14%   最差浮亏   +6.55%   T+60盈利 3/3 100.0%
  　frac >= 0.25                  n=  3  命中 3/3   100.0%  下界  43.8%   均T+20 +10.14%   最差浮亏   +6.55%   T+60盈利 3/3 100.0%
  　frac >= 0.34                  n=  3  命中 3/3   100.0%  下界  43.8%   均T+20 +10.14%   最差浮亏   +6.55%   T+60盈利 3/3 100.0%
  　frac >= 0.50                  n=  3  命中 3/3   100.0%  下界  43.8%   均T+20 +10.14%   最差浮亏   +6.55%   T+60盈利 3/3 100.0%
  　frac >= 0.60                  n=  3  命中 3/3   100.0%  下界  43.8%   均T+20 +10.14%   最差浮亏   +6.55%   T+60盈利 3/3 100.0%
  　reso>=2 且 gap>=-99            n=  3  命中 3/3   100.0%  下界  43.8%   均T+20 +10.14%   最差浮亏   +6.55%   T+60盈利 3/3 100.0%
  　reso>=2 且 gap>=-12            n=  3  命中 3/3   100.0%  下界  43.8%   均T+20 +10.14%   最差浮亏   +6.55%   T+60盈利 3/3 100.0%
  　reso>=2 且 gap>=-8             n=  3  命中 3/3   100.0%  下界  43.8%   均T+20 +10.14%   最差浮亏   +6.55%   T+60盈利 3/3 100.0%
  　reso>=2 且 gap>=-6             n=  3  命中 3/3   100.0%  下界  43.8%   均T+20 +10.14%   最差浮亏   +6.55%   T+60盈利 3/3 100.0%

==================================================================================================================================
② 2020 年那 3 次 reso=2 为什么全失败（唯一红灯）
==================================================================================================================================
 board       date    ret20     mdd20    ret60  reso     frac        gap  rank  ok20
 HS300 2020-03-17 0.023635 -0.048353 0.066126     2 0.285714  -8.982971     2 False
  SZ50 2020-03-17 0.029378 -0.046907 0.056977     2 0.285714 -12.177387     1 False
CSI100 2020-03-17 0.026921 -0.048850 0.062625     2 0.285714 -12.447274     0 False

  同期（2020 年）其它信号：
 board       date    ret20     mdd20  reso        gap  ok20
 HS300 2020-02-04 0.080759  0.011329     1   1.025837  True
 HS300 2020-03-17 0.023635 -0.048353     2  -8.982971 False
  SZ50 2020-02-04 0.045366  0.006526     1 -10.830920  True
  SZ50 2020-03-17 0.029378 -0.046907     2 -12.177387 False
CSI100 2020-02-04 0.055794  0.008215     1  -4.679995  True
CSI100 2020-03-17 0.026921 -0.048850     2 -12.447274 False
CSI800 2020-02-04 0.095805  0.014769     1   3.654158  True
CSI800 2020-03-20 0.048730 -0.035850     1   7.978233 False
 SH180 2020-02-04 0.064994  0.009151     1 -20.018962  True
 SH180 2020-03-20 0.056125 -0.028964     1  -5.109228  True

==================================================================================================================================
③ 生产 6 板块 · 全部 33 次信号明细（按 reso 排序）
==================================================================================================================================
  board       date  reso frac    gap  rank   ret20   mdd20   ret60 win
CHINEXT 2022-01-28     0 0.00   -0.4     2  -5.51%  -6.08% -22.83%   ×
CSI1000 2022-01-28     0 0.00   -3.5     0  +3.85%  +0.47% -17.33%   √
     SH 2022-03-10     0 0.00   -3.4     1  -3.91%  -7.04%  -0.34%   ×
  HS300 2022-03-10     0 0.00  -11.0     0  -4.49%  -7.20%  -1.25%   ×
CSI2000 2022-03-16     0 0.00   +7.4     3  -3.40%  -3.40%  +0.94%   ×
CHINEXT 2022-09-20     0 0.00   -8.6     0  -2.21%  -5.52%  -2.37%   ×
     SH 2022-10-11     0 0.00   -0.3     1  +2.84%  -2.90%  +4.82%   √
CSI2000 2022-10-11     0 0.00   -0.3     2 +13.75%  +3.10% +13.07%   √
CSI1000 2022-10-11     0 0.00   -0.8     0 +11.25%  +2.91%  +6.71%   √
   STAR 2023-08-17     0 0.00  -12.5     0  -3.25%  -4.39%  -2.09%   ×
     SH 2023-10-24     0 0.00   -6.4     1  +3.57%  +0.40%  -4.34%   √
  HS300 2023-10-24     0 0.00  -12.0     0  +2.69%  +0.50%  -7.40%   √
     SH 2025-04-08     0 0.00   +0.8     3  +6.25%  +1.31% +10.41%   √
   STAR 2025-04-08     0 0.00   +8.7     5  +7.04%  +4.31%  +4.06%   √
CHINEXT 2025-04-08     0 0.00   -0.8     2  +9.32%  +0.98% +15.75%   √
CSI2000 2025-04-08     0 0.00   -0.9     1 +16.87%  +2.78% +27.39%   √
CSI1000 2025-04-08     0 0.00   -3.3     0  +9.98%  +2.21% +14.41%   √
  HS300 2025-04-08     0 0.00   +7.4     4  +5.35%  +0.99%  +8.61%   √
     SH 2026-03-24     0 0.00   -4.7     2  +5.80%  -0.03%  +5.80%   √
   STAR 2026-03-24     0 0.00   -5.7     0 +12.42%  -2.68% +48.45%   √
CSI1000 2026-03-24     0 0.00   +4.7     3 +11.58%  -0.85% +14.20%   √
  HS300 2026-03-24     0 0.00   -5.5     1  +7.26%  -0.76%  +9.94%   √
     SH 2024-01-23     1 0.17   -6.0     1  +6.74%  -2.48% +11.46%   √
CSI2000 2024-01-23     1 0.17  -12.9     0  -6.79% -23.61%  -1.29%   ×
CSI1000 2024-01-23     1 0.17   -6.0     2  +1.43% -15.48%  +6.62%   ×
     SH 2022-04-27     2 0.33   -3.2     2  +6.45%  +0.58% +10.79%   √
   STAR 2022-04-27     2 0.33   +3.2     3 +10.49%  -0.37% +19.66%   √
CSI2000 2022-04-27     2 0.33  -12.2     0 +14.05%  -2.17% +28.89%   √
CSI1000 2022-04-27     2 0.33  -12.1     1 +13.39%  -0.84% +26.83%   √
   STAR 2024-02-01     3 0.50   -5.5     2 +16.40%  -2.41% +11.18%   √
CHINEXT 2024-02-01     3 0.50   +5.5     3 +13.74%  -2.43% +18.20%   √
CHINEXT 2022-04-26     6 1.00   +1.3     3  +8.00%  +3.59% +25.78%   √
  HS300 2022-04-26     6 1.00   +5.8     5  +5.74%  +2.47% +11.32%   √
