========================================================================================================================================
① 生产 6 板块 (n=33) · 共振定义扫描
========================================================================================================================================
  无过滤（对照）                            n= 33  命中 25/33   75.8%  下界  59.0%   均T+20  +5.96%  最差浮亏  -23.61%   T+60 24/33
  reso_d0 >= 1                       n= 11  命中 9/11   81.8%  下界  52.3%   均T+20  +8.15%  最差浮亏  -23.61%   T+60 10/11
  reso_d0 >= 2                       n=  8  命中 8/8   100.0%  下界  67.6%   均T+20 +11.03%  最差浮亏   -2.43%   T+60 8/8
  reso_d0 >= 3                       n=  4  命中 4/4   100.0%  下界  51.0%   均T+20 +10.97%  最差浮亏   -2.43%   T+60 4/4
  reso_d0 >= 4                       n=  2  命中 2/2   100.0%  下界  34.2%   均T+20  +6.87%  最差浮亏   +2.47%   T+60 2/2
  reso_d0 >= 5                       n=  2  命中 2/2   100.0%  下界  34.2%   均T+20  +6.87%  最差浮亏   +2.47%   T+60 2/2
  reso_d0 >= 6                       n=  2  命中 2/2   100.0%  下界  34.2%   均T+20  +6.87%  最差浮亏   +2.47%   T+60 2/2
  reso_d1 >= 1                       n= 33  命中 25/33   75.8%  下界  59.0%   均T+20  +5.96%  最差浮亏  -23.61%   T+60 24/33
  reso_d1 >= 2                       n= 31  命中 25/31   80.6%  下界  63.7%   均T+20  +6.52%  最差浮亏  -23.61%   T+60 24/31
  reso_d1 >= 3                       n= 25  命中 22/25   88.0%  下界  70.0%   均T+20  +8.24%  最差浮亏  -23.61%   T+60 24/25
  reso_d1 >= 4                       n= 21  命中 21/21  100.0%  下界  84.5%   均T+20  +9.90%  最差浮亏   -2.90%   T+60 21/21
  reso_d1 >= 5                       n= 12  命中 12/12  100.0%  下界  75.7%   均T+20  +9.41%  最差浮亏   -2.17%   T+60 12/12
  reso_d1 >= 6                       n= 10  命中 10/10  100.0%  下界  72.2%   均T+20  +9.92%  最差浮亏   -2.17%   T+60 10/10
  reso_mx >= 1                       n= 33  命中 25/33   75.8%  下界  59.0%   均T+20  +5.96%  最差浮亏  -23.61%   T+60 24/33
  reso_mx >= 2                       n= 31  命中 25/31   80.6%  下界  63.7%   均T+20  +6.52%  最差浮亏  -23.61%   T+60 24/31
  reso_mx >= 3                       n= 25  命中 22/25   88.0%  下界  70.0%   均T+20  +8.24%  最差浮亏  -23.61%   T+60 24/25
  reso_mx >= 4                       n= 21  命中 21/21  100.0%  下界  84.5%   均T+20  +9.90%  最差浮亏   -2.90%   T+60 21/21
  reso_mx >= 5                       n= 12  命中 12/12  100.0%  下界  75.7%   均T+20  +9.41%  最差浮亏   -2.17%   T+60 12/12
  reso_mx >= 6                       n= 12  命中 12/12  100.0%  下界  75.7%   均T+20  +9.41%  最差浮亏   -2.17%   T+60 12/12
  lowN5 >= 1                         n= 33  命中 25/33   75.8%  下界  59.0%   均T+20  +5.96%  最差浮亏  -23.61%   T+60 24/33
  lowN5 >= 2                         n= 31  命中 25/31   80.6%  下界  63.7%   均T+20  +6.52%  最差浮亏  -23.61%   T+60 24/31
  lowN5 >= 3                         n= 25  命中 22/25   88.0%  下界  70.0%   均T+20  +8.24%  最差浮亏  -23.61%   T+60 24/25
  lowN5 >= 4                         n= 21  命中 21/21  100.0%  下界  84.5%   均T+20  +9.90%  最差浮亏   -2.90%   T+60 21/21
  lowN5 >= 5                         n= 12  命中 12/12  100.0%  下界  75.7%   均T+20  +9.41%  最差浮亏   -2.17%   T+60 12/12
  lowN5 >= 6                         n= 12  命中 12/12  100.0%  下界  75.7%   均T+20  +9.41%  最差浮亏   -2.17%   T+60 12/12
  lowN10 >= 1                        n= 33  命中 25/33   75.8%  下界  59.0%   均T+20  +5.96%  最差浮亏  -23.61%   T+60 24/33
  lowN10 >= 2                        n= 31  命中 25/31   80.6%  下界  63.7%   均T+20  +6.52%  最差浮亏  -23.61%   T+60 24/31
  lowN10 >= 3                        n= 25  命中 22/25   88.0%  下界  70.0%   均T+20  +8.24%  最差浮亏  -23.61%   T+60 24/25
  lowN10 >= 4                        n= 21  命中 21/21  100.0%  下界  84.5%   均T+20  +9.90%  最差浮亏   -2.90%   T+60 21/21
  lowN10 >= 5                        n= 14  命中 14/14  100.0%  下界  78.5%   均T+20 +10.22%  最差浮亏   -2.43%   T+60 14/14
  lowN10 >= 6                        n= 12  命中 12/12  100.0%  下界  75.7%   均T+20  +9.41%  最差浮亏   -2.17%   T+60 12/12

========================================================================================================================================
② 长历史 8 宽基 · trailing-750 (n=77)
========================================================================================================================================
  无过滤（对照）                            n= 77  命中 48/77   62.3%  下界  51.2%   均T+20  +2.53%  最差浮亏  -25.87%   T+60 53/77
  reso_d0 >= 1                       n= 36  命中 29/36   80.6%  下界  65.0%   均T+20  +5.69%  最差浮亏   -8.83%   T+60 33/36
  reso_d0 >= 2                       n= 18  命中 13/18   72.2%  下界  49.1%   均T+20  +5.86%  最差浮亏   -8.83%   T+60 18/18
  reso_d0 >= 3                       n= 10  命中 8/10   80.0%  下界  49.0%   均T+20  +6.94%  最差浮亏   -8.83%   T+60 10/10
  reso_d0 >= 4                       n=  5  命中 5/5   100.0%  下界  56.6%   均T+20  +8.16%  最差浮亏   +1.05%   T+60 5/5
  reso_d0 >= 5                       n=  5  命中 5/5   100.0%  下界  56.6%   均T+20  +8.16%  最差浮亏   +1.05%   T+60 5/5
  reso_d0 >= 6                       n=  5  命中 5/5   100.0%  下界  56.6%   均T+20  +8.16%  最差浮亏   +1.05%   T+60 5/5
  reso_d1 >= 1                       n= 77  命中 48/77   62.3%  下界  51.2%   均T+20  +2.53%  最差浮亏  -25.87%   T+60 53/77
  reso_d1 >= 2                       n= 74  命中 46/74   62.2%  下界  50.8%   均T+20  +2.37%  最差浮亏  -25.87%   T+60 50/74
  reso_d1 >= 3                       n= 70  命中 46/70   65.7%  下界  54.0%   均T+20  +2.45%  最差浮亏  -25.87%   T+60 48/70
  reso_d1 >= 4                       n= 60  命中 42/60   70.0%  下界  57.5%   均T+20  +2.45%  最差浮亏  -25.87%   T+60 41/60
  reso_d1 >= 5                       n= 50  命中 41/50   82.0%  下界  69.2%   均T+20  +3.34%  最差浮亏  -25.87%   T+60 39/50
  reso_d1 >= 6                       n= 38  命中 30/38   78.9%  下界  63.7%   均T+20  +2.81%  最差浮亏  -25.87%   T+60 32/38
  reso_d1 >= 7                       n= 16  命中 16/16  100.0%  下界  80.6%   均T+20  +6.80%  最差浮亏   -1.12%   T+60 16/16
  reso_d1 >= 8                       n=  8  命中 8/8   100.0%  下界  67.6%   均T+20  +6.60%  最差浮亏   +0.80%   T+60 8/8
  reso_mx >= 1                       n= 77  命中 48/77   62.3%  下界  51.2%   均T+20  +2.53%  最差浮亏  -25.87%   T+60 53/77
  reso_mx >= 2                       n= 75  命中 47/75   62.7%  下界  51.4%   均T+20  +2.52%  最差浮亏  -25.87%   T+60 51/75
  reso_mx >= 3                       n= 71  命中 47/71   66.2%  下界  54.6%   均T+20  +2.61%  最差浮亏  -25.87%   T+60 49/71
  reso_mx >= 4                       n= 60  命中 42/60   70.0%  下界  57.5%   均T+20  +2.45%  最差浮亏  -25.87%   T+60 41/60
  reso_mx >= 5                       n= 50  命中 41/50   82.0%  下界  69.2%   均T+20  +3.34%  最差浮亏  -25.87%   T+60 39/50
  reso_mx >= 6                       n= 38  命中 30/38   78.9%  下界  63.7%   均T+20  +2.81%  最差浮亏  -25.87%   T+60 32/38
  reso_mx >= 7                       n= 16  命中 16/16  100.0%  下界  80.6%   均T+20  +6.80%  最差浮亏   -1.12%   T+60 16/16
  reso_mx >= 8                       n=  8  命中 8/8   100.0%  下界  67.6%   均T+20  +6.60%  最差浮亏   +0.80%   T+60 8/8
  lowN5 >= 1                         n= 77  命中 48/77   62.3%  下界  51.2%   均T+20  +2.53%  最差浮亏  -25.87%   T+60 53/77
  lowN5 >= 2                         n= 75  命中 47/75   62.7%  下界  51.4%   均T+20  +2.52%  最差浮亏  -25.87%   T+60 51/75
  lowN5 >= 3                         n= 71  命中 47/71   66.2%  下界  54.6%   均T+20  +2.61%  最差浮亏  -25.87%   T+60 49/71
  lowN5 >= 4                         n= 60  命中 42/60   70.0%  下界  57.5%   均T+20  +2.45%  最差浮亏  -25.87%   T+60 41/60
  lowN5 >= 5                         n= 50  命中 41/50   82.0%  下界  69.2%   均T+20  +3.34%  最差浮亏  -25.87%   T+60 39/50
  lowN5 >= 6                         n= 38  命中 30/38   78.9%  下界  63.7%   均T+20  +2.81%  最差浮亏  -25.87%   T+60 32/38
  lowN5 >= 7                         n= 21  命中 21/21  100.0%  下界  84.5%   均T+20  +6.53%  最差浮亏   -1.83%   T+60 21/21
  lowN5 >= 8                         n=  8  命中 8/8   100.0%  下界  67.6%   均T+20  +6.60%  最差浮亏   +0.80%   T+60 8/8
  lowN10 >= 1                        n= 77  命中 48/77   62.3%  下界  51.2%   均T+20  +2.53%  最差浮亏  -25.87%   T+60 53/77
  lowN10 >= 2                        n= 75  命中 47/75   62.7%  下界  51.4%   均T+20  +2.52%  最差浮亏  -25.87%   T+60 51/75
  lowN10 >= 3                        n= 71  命中 47/71   66.2%  下界  54.6%   均T+20  +2.61%  最差浮亏  -25.87%   T+60 49/71
  lowN10 >= 4                        n= 60  命中 42/60   70.0%  下界  57.5%   均T+20  +2.45%  最差浮亏  -25.87%   T+60 41/60
  lowN10 >= 5                        n= 50  命中 41/50   82.0%  下界  69.2%   均T+20  +3.34%  最差浮亏  -25.87%   T+60 39/50
  lowN10 >= 6                        n= 38  命中 30/38   78.9%  下界  63.7%   均T+20  +2.81%  最差浮亏  -25.87%   T+60 32/38
  lowN10 >= 7                        n= 21  命中 21/21  100.0%  下界  84.5%   均T+20  +6.53%  最差浮亏   -1.83%   T+60 21/21
  lowN10 >= 8                        n=  8  命中 8/8   100.0%  下界  67.6%   均T+20  +6.60%  最差浮亏   +0.80%   T+60 8/8

========================================================================================================================================
③ 长历史 · 扩展因果锚（含 2015-2016, n=35）
========================================================================================================================================
  无过滤（对照）                            n= 35  命中 27/35   77.1%  下界  61.0%   均T+20  +2.85%  最差浮亏  -25.87%   T+60 29/35
  reso_d1 >= 1                       n= 35  命中 27/35   77.1%  下界  61.0%   均T+20  +2.85%  最差浮亏  -25.87%   T+60 29/35
  reso_d1 >= 2                       n= 33  命中 25/33   75.8%  下界  59.0%   均T+20  +2.18%  最差浮亏  -25.87%   T+60 27/33
  reso_d1 >= 3                       n= 31  命中 23/31   74.2%  下界  56.8%   均T+20  +2.13%  最差浮亏  -25.87%   T+60 25/31
  reso_d1 >= 4                       n= 25  命中 17/25   68.0%  下界  48.4%   均T+20  +0.92%  最差浮亏  -25.87%   T+60 19/25
  reso_d1 >= 5                       n= 25  命中 17/25   68.0%  下界  48.4%   均T+20  +0.92%  最差浮亏  -25.87%   T+60 19/25
  reso_d1 >= 6                       n= 25  命中 17/25   68.0%  下界  48.4%   均T+20  +0.92%  最差浮亏  -25.87%   T+60 19/25
  reso_d1 >= 7                       n=  7  命中 7/7   100.0%  下界  64.6%   均T+20  +6.93%  最差浮亏   +0.80%   T+60 7/7
  reso_mx >= 1                       n= 35  命中 27/35   77.1%  下界  61.0%   均T+20  +2.85%  最差浮亏  -25.87%   T+60 29/35
  reso_mx >= 2                       n= 33  命中 25/33   75.8%  下界  59.0%   均T+20  +2.18%  最差浮亏  -25.87%   T+60 27/33
  reso_mx >= 3                       n= 31  命中 23/31   74.2%  下界  56.8%   均T+20  +2.13%  最差浮亏  -25.87%   T+60 25/31
  reso_mx >= 4                       n= 25  命中 17/25   68.0%  下界  48.4%   均T+20  +0.92%  最差浮亏  -25.87%   T+60 19/25
  reso_mx >= 5                       n= 25  命中 17/25   68.0%  下界  48.4%   均T+20  +0.92%  最差浮亏  -25.87%   T+60 19/25
  reso_mx >= 6                       n= 25  命中 17/25   68.0%  下界  48.4%   均T+20  +0.92%  最差浮亏  -25.87%   T+60 19/25
  reso_mx >= 7                       n=  7  命中 7/7   100.0%  下界  64.6%   均T+20  +6.93%  最差浮亏   +0.80%   T+60 7/7
  lowN5 >= 1                         n= 35  命中 27/35   77.1%  下界  61.0%   均T+20  +2.85%  最差浮亏  -25.87%   T+60 29/35
  lowN5 >= 2                         n= 33  命中 25/33   75.8%  下界  59.0%   均T+20  +2.18%  最差浮亏  -25.87%   T+60 27/33
  lowN5 >= 3                         n= 31  命中 23/31   74.2%  下界  56.8%   均T+20  +2.13%  最差浮亏  -25.87%   T+60 25/31
  lowN5 >= 4                         n= 25  命中 17/25   68.0%  下界  48.4%   均T+20  +0.92%  最差浮亏  -25.87%   T+60 19/25
  lowN5 >= 5                         n= 25  命中 17/25   68.0%  下界  48.4%   均T+20  +0.92%  最差浮亏  -25.87%   T+60 19/25
  lowN5 >= 6                         n= 25  命中 17/25   68.0%  下界  48.4%   均T+20  +0.92%  最差浮亏  -25.87%   T+60 19/25
  lowN5 >= 7                         n=  7  命中 7/7   100.0%  下界  64.6%   均T+20  +6.93%  最差浮亏   +0.80%   T+60 7/7

========================================================================================================================================
④ 分年度（trailing-750，H=20 命中 / T+60 盈利）
========================================================================================================================================

  reso_d0 >= 2   合计 n=18
    年份            2015      2016      2019      2020      2021      2022      2023      2024      2025      2026
    H20命中          4/4       2/3         -       0/3         -       6/7         -       1/1         -         -
    T60盈利          4/4       3/3         -       3/3         -       7/7         -       1/1         -         -

  reso_d1 >= 2   合计 n=74
    年份            2015      2016      2019      2020      2021      2022      2023      2024      2025      2026
    H20命中         4/12       5/6       0/4      6/10         -     11/20       5/5       0/2       8/8       7/7
    T60盈利         6/12       6/6       0/4     10/10         -     11/20       0/5       2/2       8/8       7/7

  reso_d1 >= 3   合计 n=70
    年份            2015      2016      2019      2020      2021      2022      2023      2024      2025      2026
    H20命中         4/12       5/6       0/4      6/10         -     11/18       5/5         -       8/8       7/7
    T60盈利         6/12       6/6       0/4     10/10         -     11/18       0/5         -       8/8       7/7

  reso_mx >= 2   合计 n=75
    年份            2015      2016      2019      2020      2021      2022      2023      2024      2025      2026
    H20命中         4/12       5/6       0/4      6/10         -     11/20       5/5       1/3       8/8       7/7
    T60盈利         6/12       6/6       0/4     10/10         -     11/20       0/5       3/3       8/8       7/7

  lowN5 >= 3   合计 n=71
    年份            2015      2016      2019      2020      2021      2022      2023      2024      2025      2026
    H20命中         4/12       5/6       0/4      6/10         -     11/18       5/5       1/1       8/8       7/7
    T60盈利         6/12       6/6       0/4     10/10         -     11/18       0/5       1/1       8/8       7/7

  lowN10 >= 4   合计 n=60
    年份            2015      2016      2019      2020      2021      2022      2023      2024      2025      2026
    H20命中         4/12       3/3       0/4       6/7         -      9/14       5/5         -       8/8       7/7
    T60盈利         6/12       3/3       0/4       7/7         -     10/14       0/5         -       8/8       7/7

========================================================================================================================================
⑤ 交付窗口（2023-09-20 起）· 生产 6 板块
========================================================================================================================================
  无过滤                                n= 17  命中 15/17   88.2%  下界  65.7%   均T+20  +7.63%  最差浮亏  -23.61%   T+60 14/17
  reso_d0 >= 2                       n=  2  命中 2/2   100.0%  下界  34.2%   均T+20 +15.07%  最差浮亏   -2.43%   T+60 2/2
  reso_d1 >= 2                       n= 17  命中 15/17   88.2%  下界  65.7%   均T+20  +7.63%  最差浮亏  -23.61%   T+60 14/17
  reso_d1 >= 3                       n= 15  命中 13/15   86.7%  下界  62.1%   均T+20  +8.23%  最差浮亏  -23.61%   T+60 14/15
  reso_mx >= 2                       n= 17  命中 15/17   88.2%  下界  65.7%   均T+20  +7.63%  最差浮亏  -23.61%   T+60 14/17
  lowN5 >= 3                         n= 15  命中 13/15   86.7%  下界  62.1%   均T+20  +8.23%  最差浮亏  -23.61%   T+60 14/15

========================================================================================================================================
⑥ 生产 6 板块 · 33 次信号明细（按 reso_d1 排序）
========================================================================================================================================
  board       date  reso_d0  reso_d1  lowN5  lowN10 gap_d1   ret20   mdd20    ret60 w20 w60
CHINEXT 2022-09-20        0        1      1       1  -10.5  -2.21%  -5.52%   -2.37%   ×   ×
   STAR 2023-08-17        0        1      1       1  -28.3  -3.25%  -4.39%   -2.09%   ×   ×
CHINEXT 2022-01-28        0        2      2       2   -4.5  -5.51%  -6.08%  -22.83%   ×   ×
CSI1000 2022-01-28        0        2      2       2   -6.0  +3.85%  +0.47%  -17.33%   √   ×
     SH 2022-03-10        0        2      2       2   -8.9  -3.91%  -7.04%   -0.34%   ×   ×
  HS300 2022-03-10        0        2      2       2   -7.2  -4.49%  -7.20%   -1.25%   ×   ×
     SH 2023-10-24        0        2      2       2  -23.6  +3.57%  +0.40%   -4.34%   √   ×
  HS300 2023-10-24        0        2      2       2  -22.2  +2.69%  +0.50%   -7.40%   √   ×
CSI2000 2022-03-16        0        3      3       3   +0.8  -3.40%  -3.40%   +0.94%   ×   √
     SH 2024-01-23        1        3      3       3   -5.6  +6.74%  -2.48%  +11.46%   √   √
CSI2000 2024-01-23        1        3      3       3  -11.6  -6.79% -23.61%   -1.29%   ×   ×
CSI1000 2024-01-23        1        3      3       3  -15.3  +1.43% -15.48%   +6.62%   ×   √
     SH 2022-10-11        0        4      4       4   -0.6  +2.84%  -2.90%   +4.82%   √   √
CSI2000 2022-10-11        0        4      4       4   -3.2 +13.75%  +3.10%  +13.07%   √   √
CSI1000 2022-10-11        0        4      4       4   -3.3 +11.25%  +2.91%   +6.71%   √   √
   STAR 2024-02-01        3        4      4       5  -15.3 +16.40%  -2.41%  +11.18%   √   √
CHINEXT 2024-02-01        3        4      4       5   +7.8 +13.74%  -2.43%  +18.20%   √   √
     SH 2026-03-24        0        4      4       4   -8.1  +5.80%  -0.03%   +5.80%   √   √
   STAR 2026-03-24        0        4      4       4   -4.5 +12.42%  -2.68%  +48.45%   √   √
CSI1000 2026-03-24        0        4      4       4   -3.2 +11.58%  -0.85%  +14.20%   √   √
  HS300 2026-03-24        0        4      4       4   +3.2  +7.26%  -0.76%   +9.94%   √   √
CHINEXT 2022-04-26        6        5      6       6   +1.0  +8.00%  +3.59%  +25.78%   √   √
  HS300 2022-04-26        6        5      6       6   +5.8  +5.74%  +2.47%  +11.32%   √   √
     SH 2022-04-27        2        6      6       6   -1.3  +6.45%  +0.58%  +10.79%   √   √
   STAR 2022-04-27        2        6      6       6   +1.7 +10.49%  -0.37%  +19.66%   √   √
CSI2000 2022-04-27        2        6      6       6   -4.7 +14.05%  -2.17%  +28.89%   √   √
CSI1000 2022-04-27        2        6      6       6   -7.6 +13.39%  -0.84%  +26.83%   √   √
     SH 2025-04-08        0        6      6       6   -6.3  +6.25%  +1.31%  +10.41%   √   √
   STAR 2025-04-08        0        6      6       6   +0.1  +7.04%  +4.31%   +4.06%   √   √
CHINEXT 2025-04-08        0        6      6       6   -0.1  +9.32%  +0.98%  +15.75%   √   √
CSI2000 2025-04-08        0        6      6       6  +11.1 +16.87%  +2.78%  +27.39%   √   √
CSI1000 2025-04-08        0        6      6       6   +2.2  +9.98%  +2.21%  +14.41%   √   √
  HS300 2025-04-08        0        6      6       6   -5.4  +5.35%  +0.99%   +8.61%   √   √
