
================================================================================================================================
① 生产 6 板块 · reso_d0 >= 2
================================================================================================================================
  T+60 盈利          信号 8/8 = 100.0%   随机基线  50.9% ± 17.8%   P(≥观测值 | 基线) = 0.0045   提升 +49.1个百分点
  T+20 盈利          信号 8/8 = 100.0%   随机基线  51.9% ± 17.7%   P(≥观测值 | 基线) = 0.0053   提升 +48.1个百分点
  H20 未被套>3%       信号 8/8 = 100.0%   随机基线  47.6% ± 17.4%   P(≥观测值 | 基线) = 0.0027   提升 +52.4个百分点
  （参考）全样本 T+60 盈利基线  52.8%

================================================================================================================================
①b 生产 6 板块 · 全部信号（对照）
================================================================================================================================
  T+60 盈利          信号 24/33 =  72.7%   随机基线  51.7% ± 8.8%   P(≥观测值 | 基线) = 0.0115   提升 +21.0个百分点
  T+20 盈利          信号 26/33 =  78.8%   随机基线  52.2% ± 8.8%   P(≥观测值 | 基线) = 0.0015   提升 +26.6个百分点
  H20 未被套>3%       信号 25/33 =  75.8%   随机基线  50.4% ± 8.5%   P(≥观测值 | 基线) = 0.0026   提升 +25.4个百分点
  （参考）全样本 T+60 盈利基线  52.8%

================================================================================================================================
② 长历史 8 宽基 · reso_d0 >= 2
================================================================================================================================
  T+60 盈利          信号 18/18 = 100.0%   随机基线  53.1% ± 11.9%   P(≥观测值 | 基线) = 0.0000   提升 +46.9个百分点
  T+20 盈利          信号 18/18 = 100.0%   随机基线  52.6% ± 11.6%   P(≥观测值 | 基线) = 0.0000   提升 +47.4个百分点
  H20 未被套>3%       信号 13/18 =  72.2%   随机基线  55.6% ± 11.6%   P(≥观测值 | 基线) = 0.1181   提升 +16.6个百分点
  （参考）全样本 T+60 盈利基线  52.6%

================================================================================================================================
②b 长历史 8 宽基 · 全部信号（对照）
================================================================================================================================
  T+60 盈利          信号 53/77 =  68.8%   随机基线  52.7% ± 5.7%   P(≥观测值 | 基线) = 0.0030   提升 +16.1个百分点
  T+20 盈利          信号 58/77 =  75.3%   随机基线  52.9% ± 5.7%   P(≥观测值 | 基线) = 0.0000   提升 +22.4个百分点
  H20 未被套>3%       信号 48/77 =  62.3%   随机基线  55.6% ± 5.6%   P(≥观测值 | 基线) = 0.1392   提升 +6.8个百分点
  （参考）全样本 T+60 盈利基线  52.6%

================================================================================================================================
③ 合并：reso_d0>=2 的 T+60 盈利合计
================================================================================================================================
  生产 8/8   +   长历史 18/18   =   26/26
    若真实基线 = 55%  →  P(26/26 全中) = 0.00000
    若真实基线 = 60%  →  P(26/26 全中) = 0.00000
    若真实基线 = 65%  →  P(26/26 全中) = 0.00001
    若真实基线 = 70%  →  P(26/26 全中) = 0.00009
    若真实基线 = 75%  →  P(26/26 全中) = 0.00056
    若真实基线 = 80%  →  P(26/26 全中) = 0.00302
