====================================================================================================================================
① 特征覆盖检查（不能有大片 NaN）
====================================================================================================================================
  生产             n=33  mg_pct:100%  mg_chg5:100%  mg_chg20:100%  mg_chg60:100%  mg_pos:100%  mg_acc:100%  bna:100%  bna_pct:100%  bna_chg20:100%
  长历史trail       n=77  mg_pct:100%  mg_chg5:100%  mg_chg20:100%  mg_chg60:100%  mg_pos:100%  mg_acc:100%  bna:100%  bna_pct:100%  bna_chg20:100%
  长历史expand      n=35  mg_pct:100%  mg_chg5:100%  mg_chg20:100%  mg_chg60:100%  mg_pos:100%  mg_acc:100%  bna:100%  bna_pct:100%  bna_chg20:100%

====================================================================================================================================
② 分离度：命中组 vs 失败组（|均值差| / 合并标准差）—— 越大越有判别力
====================================================================================================================================

  【生产 33】 命中 25 / 失败 8
    bna_chg20    分离度  1.31   命中组   +0.3702   失败组   +0.2067
    mg_acc       分离度  1.15   命中组   -0.0175   失败组   -0.0092
    mg_chg5      分离度  0.97   命中组   -0.0254   失败组   -0.0139
    bna          分离度  0.87   命中组   +0.0941   失败组   +0.0796
    bna_pct      分离度  0.84   命中组  +82.8801   失败组  +62.2250
    mg_pos       分离度  0.78   命中组   +0.8250   失败组   +0.9277
    reso         分离度  0.52   命中组   +1.0800   失败组   +0.2500
    mg_chg20     分离度  0.44   命中组   -0.0316   失败组   -0.0190
    mg_pct       分离度  0.29   命中组  +34.1440   失败组  +43.4000
    mg_chg60     分离度  0.04   命中组   -0.0317   失败组   -0.0295

  【长历史trail 77】 命中 48 / 失败 29
    bna_pct      分离度  0.93   命中组  +82.0848   失败组  +59.1837
    mg_chg60     分离度  0.74   命中组   -0.0500   失败组   +0.0860
    bna          分离度  0.57   命中组   +0.0786   失败组   +0.0572
    reso         分离度  0.56   命中组   +1.3542   失败组   +0.4828
    mg_pos       分离度  0.46   命中组   +0.7866   失败组   +0.8736
    mg_acc       分离度  0.34   命中组   -0.0252   失败组   -0.0363
    mg_pct       分离度  0.31   命中组  +48.1167   失败组  +59.1034
    mg_chg20     分离度  0.29   命中组   -0.0478   失败组   -0.0273
    mg_chg5      分离度  0.14   命中组   -0.0371   失败组   -0.0432
    bna_chg20    分离度  0.05   命中组   +0.5969   失败组   +0.6431

  【长历史expand 35】 命中 27 / 失败 8
    bna_pct      分离度  3.07   命中组  +86.4672   失败组  +28.3500
    mg_acc       分离度  1.68   命中组   -0.0365   失败组   -0.0945
    mg_pct       分离度  1.67   命中组  +29.0667   失败组  +79.8000
    bna          分离度  1.63   命中组   +0.0754   失败组   +0.0040
    mg_chg60     分离度  1.18   命中组   -0.1108   失败组   +0.1652
    mg_chg5      分离度  0.95   命中组   -0.0599   失败组   -0.1054
    mg_pos       分离度  0.75   命中组   +0.6536   失败组   +0.8118
    mg_chg20     分离度  0.54   命中组   -0.0935   失败组   -0.0433
    reso         分离度  0.39   命中组   +0.6667   失败组   +0.0000
    bna_chg20    分离度  0.08   命中组   +1.1106   失败组   +1.2200

====================================================================================================================================
③ 门槛扫描（必须同时改善 生产 与 长历史expand(含2015-2016)）
====================================================================================================================================

──── mg_pct ────
  　生产 无过滤                        n= 33  命中 25/33   75.8%  下界  59.0%   均T+20  +5.96%  最差浮亏  -23.61%   T+60 24/33
  　长历史expand 无过滤                 n= 35  命中 27/35   77.1%  下界  61.0%   均T+20  +2.85%  最差浮亏  -25.87%   T+60 29/35
  　生产  mg_pct>=+0.8000           n= 27  命中 19/27   70.4%  下界  51.5%   均T+20  +5.13%  最差浮亏  -23.61%   T+60 18/27
  　长历史>  mg_pct>=+0.8000         n= 32  命中 24/32   75.0%  下界  57.9%   均T+20  +2.29%  最差浮亏  -25.87%   T+60 26/32
  　生产  mg_pct<=+0.8000           n=  6  命中 6/6   100.0%  下界  61.0%   均T+20  +9.69%  最差浮亏   -2.17%   T+60 6/6
  　长历史<  mg_pct<=+0.8000         n=  9  命中 9/9   100.0%  下界  70.1%   均T+20  +6.55%  最差浮亏   -2.33%   T+60 9/9
  　生产  mg_pct>=+4.4000           n= 27  命中 19/27   70.4%  下界  51.5%   均T+20  +5.13%  最差浮亏  -23.61%   T+60 18/27
  　长历史>  mg_pct>=+4.4000         n= 25  命中 17/25   68.0%  下界  48.4%   均T+20  +0.82%  最差浮亏  -25.87%   T+60 19/25
  　生产  mg_pct<=+4.4000           n=  9  命中 9/9   100.0%  下界  70.1%   均T+20  +9.55%  最差浮亏   -2.90%   T+60 9/9
  　长历史<  mg_pct<=+4.4000         n= 10  命中 10/10  100.0%  下界  72.2%   均T+20  +7.92%  最差浮亏   -2.33%   T+60 10/10
  　生产  mg_pct>=+21.6000          n= 23  命中 16/23   69.6%  下界  49.1%   均T+20  +4.91%  最差浮亏  -23.61%   T+60 15/23
  　长历史>  mg_pct>=+21.6000        n= 25  命中 17/25   68.0%  下界  48.4%   均T+20  +0.82%  最差浮亏  -25.87%   T+60 19/25
  　生产  mg_pct<=+21.6000          n= 16  命中 15/16   93.8%  下界  71.7%   均T+20  +8.66%  最差浮亏   -5.52%   T+60 15/16
  　长历史<  mg_pct<=+21.6000        n= 17  命中 17/17  100.0%  下界  81.6%   均T+20  +7.51%  最差浮亏   -2.33%   T+60 17/17
  　生产  mg_pct>=+29.2000          n= 17  命中 10/17   58.8%  下界  36.0%   均T+20  +3.42%  最差浮亏  -23.61%   T+60 9/17
  　长历史>  mg_pct>=+29.2000        n= 18  命中 10/18   55.6%  下界  33.7%   均T+20  -1.56%  最差浮亏  -25.87%   T+60 12/18
  　生产  mg_pct<=+29.2000          n= 17  命中 15/17   88.2%  下界  65.7%   均T+20  +7.95%  最差浮亏   -5.52%   T+60 16/17
  　长历史<  mg_pct<=+29.2000        n= 19  命中 19/19  100.0%  下界  83.2%   均T+20  +7.05%  最差浮亏   -2.33%   T+60 19/19
  　生产  mg_pct>=+46.3800          n= 11  命中 8/11   72.7%  下界  43.4%   均T+20  +3.91%  最差浮亏  -23.61%   T+60 6/11
  　长历史>  mg_pct>=+46.3800        n= 13  命中 7/13   53.8%  下界  29.1%   均T+20  -2.42%  最差浮亏  -25.87%   T+60 7/13
  　生产  mg_pct<=+46.3800          n= 22  命中 17/22   77.3%  下界  56.6%   均T+20  +6.98%  最差浮亏   -7.20%   T+60 18/22
  　长历史<  mg_pct<=+46.3800        n= 22  命中 20/22   90.9%  下界  72.2%   均T+20  +5.96%  最差浮亏  -11.59%   T+60 22/22
  　生产  mg_pct>=+70.0000          n=  9  命中 7/9    77.8%  下界  45.3%   均T+20  +4.97%  最差浮亏  -23.61%   T+60 6/9
  　长历史>  mg_pct>=+70.0000        n= 10  命中 4/10   40.0%  下界  16.8%   均T+20  -6.19%  最差浮亏  -25.87%   T+60 4/10
  　生产  mg_pct<=+70.0000          n= 27  命中 19/27   70.4%  下界  51.5%   均T+20  +5.68%  最差浮亏  -23.61%   T+60 20/27
  　长历史<  mg_pct<=+70.0000        n= 25  命中 23/25   92.0%  下界  75.0%   均T+20  +6.46%  最差浮亏  -11.59%   T+60 25/25
  　生产  mg_pct<=+92.4000          n= 31  命中 23/31   74.2%  下界  56.8%   均T+20  +6.14%  最差浮亏  -23.61%   T+60 24/31
  　长历史<  mg_pct<=+92.4000        n= 31  命中 23/31   74.2%  下界  56.8%   均T+20  +2.44%  最差浮亏  -25.87%   T+60 25/31

──── mg_chg5 ────
  　生产 无过滤                        n= 33  命中 25/33   75.8%  下界  59.0%   均T+20  +5.96%  最差浮亏  -23.61%   T+60 24/33
  　长历史expand 无过滤                 n= 35  命中 27/35   77.1%  下界  61.0%   均T+20  +2.85%  最差浮亏  -25.87%   T+60 29/35
  　生产  mg_chg5>=-0.0783          n= 33  命中 25/33   75.8%  下界  59.0%   均T+20  +5.96%  最差浮亏  -23.61%   T+60 24/33
  　长历史>  mg_chg5>=-0.0783        n= 29  命中 23/29   79.3%  下界  61.6%   均T+20  +2.48%  最差浮亏  -25.87%   T+60 23/29
  　生产  mg_chg5>=-0.0710          n= 33  命中 25/33   75.8%  下界  59.0%   均T+20  +5.96%  最差浮亏  -23.61%   T+60 24/33
  　长历史>  mg_chg5>=-0.0710        n= 23  命中 23/23  100.0%  下界  85.7%   均T+20  +6.86%  最差浮亏   -2.62%   T+60 23/23
  　生产  mg_chg5>=-0.0485          n= 33  命中 25/33   75.8%  下界  59.0%   均T+20  +5.96%  最差浮亏  -23.61%   T+60 24/33
  　长历史>  mg_chg5>=-0.0485        n= 16  命中 16/16  100.0%  下界  80.6%   均T+20  +6.55%  最差浮亏   -2.62%   T+60 16/16
  　生产  mg_chg5<=-0.0485          n=  4  命中 4/4   100.0%  下界  51.0%   均T+20 +11.10%  最差浮亏   -2.17%   T+60 4/4
  　长历史<  mg_chg5<=-0.0485        n= 22  命中 14/22   63.6%  下界  43.0%   均T+20  +0.96%  最差浮亏  -25.87%   T+60 16/22
  　生产  mg_chg5>=-0.0285          n= 27  命中 19/27   70.4%  下界  51.5%   均T+20  +5.13%  最差浮亏  -23.61%   T+60 18/27
  　长历史>  mg_chg5>=-0.0285        n= 13  命中 13/13  100.0%  下界  77.2%   均T+20  +6.04%  最差浮亏   -2.62%   T+60 13/13
  　生产  mg_chg5<=-0.0285          n= 12  命中 12/12  100.0%  下界  75.7%   均T+20  +9.41%  最差浮亏   -2.17%   T+60 12/12
  　长历史<  mg_chg5<=-0.0285        n= 29  命中 21/29   72.4%  下界  54.3%   均T+20  +2.40%  最差浮亏  -25.87%   T+60 23/29
  　生产  mg_chg5>=-0.0246          n= 21  命中 13/21   61.9%  下界  40.9%   均T+20  +3.99%  最差浮亏  -23.61%   T+60 12/21
  　长历史>  mg_chg5>=-0.0246        n=  5  命中 5/5   100.0%  下界  56.6%   均T+20  +4.55%  最差浮亏   -0.45%   T+60 5/5
  　生产  mg_chg5<=-0.0246          n= 12  命中 12/12  100.0%  下界  75.7%   均T+20  +9.41%  最差浮亏   -2.17%   T+60 12/12
  　长历史<  mg_chg5<=-0.0246        n= 33  命中 25/33   75.8%  下界  59.0%   均T+20  +2.83%  最差浮亏  -25.87%   T+60 27/33
  　生产  mg_chg5<=-0.0205          n= 19  命中 16/19   84.2%  下界  62.4%   均T+20  +7.51%  最差浮亏  -23.61%   T+60 16/19
  　长历史<  mg_chg5<=-0.0205        n= 33  命中 25/33   75.8%  下界  59.0%   均T+20  +2.83%  最差浮亏  -25.87%   T+60 27/33
  　生产  mg_chg5<=-0.0166          n= 23  命中 19/23   82.6%  下界  62.9%   均T+20  +7.27%  最差浮亏  -23.61%   T+60 20/23
  　长历史<  mg_chg5<=-0.0166        n= 35  命中 27/35   77.1%  下界  61.0%   均T+20  +2.85%  最差浮亏  -25.87%   T+60 29/35

──── mg_chg20 ────
  　生产 无过滤                        n= 33  命中 25/33   75.8%  下界  59.0%   均T+20  +5.96%  最差浮亏  -23.61%   T+60 24/33
  　长历史expand 无过滤                 n= 35  命中 27/35   77.1%  下界  61.0%   均T+20  +2.85%  最差浮亏  -25.87%   T+60 29/35
  　生产  mg_chg20>=-0.1589         n= 33  命中 25/33   75.8%  下界  59.0%   均T+20  +5.96%  最差浮亏  -23.61%   T+60 24/33
  　长历史>  mg_chg20>=-0.1589       n= 26  命中 20/26   76.9%  下界  57.9%   均T+20  +2.68%  最差浮亏  -25.87%   T+60 20/26
  　生产  mg_chg20>=-0.0767         n= 33  命中 25/33   75.8%  下界  59.0%   均T+20  +5.96%  最差浮亏  -23.61%   T+60 24/33
  　长历史>  mg_chg20>=-0.0767       n= 22  命中 16/22   72.7%  下界  51.8%   均T+20  +0.86%  最差浮亏  -25.87%   T+60 16/22
  　生产  mg_chg20<=-0.0767         n=  4  命中 4/4   100.0%  下界  51.0%   均T+20 +11.10%  最差浮亏   -2.17%   T+60 4/4
  　长历史<  mg_chg20<=-0.0767       n= 16  命中 14/16   87.5%  下界  64.0%   均T+20  +6.68%  最差浮亏  -11.59%   T+60 16/16
  　生产  mg_chg20>=-0.0486         n= 25  命中 17/25   68.0%  下界  48.4%   均T+20  +4.34%  最差浮亏  -23.61%   T+60 16/25
  　长历史>  mg_chg20>=-0.0486       n= 19  命中 13/19   68.4%  下界  46.0%   均T+20  -0.38%  最差浮亏  -25.87%   T+60 13/19
  　生产  mg_chg20<=-0.0486         n=  8  命中 8/8   100.0%  下界  67.6%   均T+20 +11.03%  最差浮亏   -2.43%   T+60 8/8
  　长历史<  mg_chg20<=-0.0486       n= 16  命中 14/16   87.5%  下界  64.0%   均T+20  +6.68%  最差浮亏  -11.59%   T+60 16/16
  　生产  mg_chg20>=-0.0229         n= 16  命中 12/16   75.0%  下界  50.5%   均T+20  +5.19%  最差浮亏   -7.20%   T+60 11/16
  　长历史>  mg_chg20>=-0.0229       n= 19  命中 13/19   68.4%  下界  46.0%   均T+20  -0.38%  最差浮亏  -25.87%   T+60 13/19
  　生产  mg_chg20<=-0.0229         n= 23  命中 19/23   82.6%  下界  62.9%   均T+20  +7.32%  最差浮亏  -23.61%   T+60 19/23
  　长历史<  mg_chg20<=-0.0229       n= 23  命中 21/23   91.3%  下界  73.2%   均T+20  +6.76%  最差浮亏  -11.59%   T+60 23/23
  　生产  mg_chg20>=-0.0229         n= 16  命中 12/16   75.0%  下界  50.5%   均T+20  +5.19%  最差浮亏   -7.20%   T+60 11/16
  　长历史>  mg_chg20>=-0.0229       n= 19  命中 13/19   68.4%  下界  46.0%   均T+20  -0.38%  最差浮亏  -25.87%   T+60 13/19
  　生产  mg_chg20<=-0.0229         n= 23  命中 19/23   82.6%  下界  62.9%   均T+20  +7.32%  最差浮亏  -23.61%   T+60 19/23
  　长历史<  mg_chg20<=-0.0229       n= 23  命中 21/23   91.3%  下界  73.2%   均T+20  +6.76%  最差浮亏  -11.59%   T+60 23/23
  　生产  mg_chg20>=-0.0022         n=  8  命中 6/8    75.0%  下界  40.9%   均T+20  +4.37%  最差浮亏   -7.20%   T+60 4/8
  　长历史>  mg_chg20>=-0.0022       n= 10  命中 4/10   40.0%  下界  16.8%   均T+20  -6.19%  最差浮亏  -25.87%   T+60 4/10
  　生产  mg_chg20<=-0.0022         n= 27  命中 19/27   70.4%  下界  51.5%   均T+20  +5.68%  最差浮亏  -23.61%   T+60 20/27
  　长历史<  mg_chg20<=-0.0022       n= 25  命中 23/25   92.0%  下界  75.0%   均T+20  +6.46%  最差浮亏  -11.59%   T+60 25/25
  　生产  mg_chg20>=+0.0058         n=  6  命中 6/6   100.0%  下界  61.0%   均T+20  +7.22%  最差浮亏   -2.68%   T+60 4/6
  　长历史>  mg_chg20>=+0.0058       n=  9  命中 3/9    33.3%  下界  12.1%   均T+20  -7.69%  最差浮亏  -25.87%   T+60 3/9
  　生产  mg_chg20<=+0.0058         n= 27  命中 19/27   70.4%  下界  51.5%   均T+20  +5.68%  最差浮亏  -23.61%   T+60 20/27
  　长历史<  mg_chg20<=+0.0058       n= 32  命中 24/32   75.0%  下界  57.9%   均T+20  +2.59%  最差浮亏  -25.87%   T+60 26/32

──── mg_chg60 ────
  　生产 无过滤                        n= 33  命中 25/33   75.8%  下界  59.0%   均T+20  +5.96%  最差浮亏  -23.61%   T+60 24/33
  　长历史expand 无过滤                 n= 35  命中 27/35   77.1%  下界  61.0%   均T+20  +2.85%  最差浮亏  -25.87%   T+60 29/35
  　生产  mg_chg60>=-0.1296         n= 33  命中 25/33   75.8%  下界  59.0%   均T+20  +5.96%  最差浮亏  -23.61%   T+60 24/33
  　长历史>  mg_chg60>=-0.1296       n= 29  命中 23/29   79.3%  下界  61.6%   均T+20  +2.48%  最差浮亏  -25.87%   T+60 23/29
  　生产  mg_chg60>=-0.1259         n= 33  命中 25/33   75.8%  下界  59.0%   均T+20  +5.96%  最差浮亏  -23.61%   T+60 24/33
  　长历史>  mg_chg60>=-0.1259       n= 23  命中 17/23   73.9%  下界  53.5%   均T+20  +1.71%  最差浮亏  -25.87%   T+60 17/23
  　生产  mg_chg60<=-0.1259         n=  4  命中 4/4   100.0%  下界  51.0%   均T+20 +11.10%  最差浮亏   -2.17%   T+60 4/4
  　长历史<  mg_chg60<=-0.1259       n= 15  命中 13/15   86.7%  下界  62.1%   均T+20  +5.77%  最差浮亏  -11.59%   T+60 15/15
  　生产  mg_chg60>=-0.0732         n= 27  命中 19/27   70.4%  下界  51.5%   均T+20  +5.13%  最差浮亏  -23.61%   T+60 18/27
  　长历史>  mg_chg60>=-0.0732       n= 19  命中 13/19   68.4%  下界  46.0%   均T+20  -0.38%  最差浮亏  -25.87%   T+60 13/19
  　生产  mg_chg60<=-0.0732         n=  7  命中 6/7    85.7%  下界  48.7%   均T+20  +7.82%  最差浮亏   -3.40%   T+60 7/7
  　长历史<  mg_chg60<=-0.0732       n= 18  命中 16/18   88.9%  下界  67.2%   均T+20  +6.28%  最差浮亏  -11.59%   T+60 18/18
  　生产  mg_chg60>=-0.0242         n= 17  命中 13/17   76.5%  下界  52.7%   均T+20  +5.53%  最差浮亏  -23.61%   T+60 12/17
  　长历史>  mg_chg60>=-0.0242       n= 17  命中 11/17   64.7%  下界  41.3%   均T+20  -0.79%  最差浮亏  -25.87%   T+60 11/17
  　生产  mg_chg60<=-0.0242         n= 16  命中 12/16   75.0%  下界  50.5%   均T+20  +6.42%  最差浮亏   -7.20%   T+60 12/16
  　长历史<  mg_chg60<=-0.0242       n= 18  命中 16/18   88.9%  下界  67.2%   均T+20  +6.28%  最差浮亏  -11.59%   T+60 18/18
  　生产  mg_chg60>=-0.0088         n= 16  命中 13/16   81.2%  下界  57.0%   均T+20  +6.08%  最差浮亏  -23.61%   T+60 12/16
  　长历史>  mg_chg60>=-0.0088       n= 17  命中 11/17   64.7%  下界  41.3%   均T+20  -0.79%  最差浮亏  -25.87%   T+60 11/17
  　生产  mg_chg60<=-0.0088         n= 23  命中 18/23   78.3%  下界  58.1%   均T+20  +6.70%  最差浮亏   -7.20%   T+60 18/23
  　长历史<  mg_chg60<=-0.0088       n= 25  命中 23/25   92.0%  下界  75.0%   均T+20  +6.46%  最差浮亏  -11.59%   T+60 25/25
  　生产  mg_chg60>=+0.0004         n=  9  命中 7/9    77.8%  下界  45.3%   均T+20  +4.97%  最差浮亏  -23.61%   T+60 6/9
  　长历史>  mg_chg60>=+0.0004       n= 10  命中 4/10   40.0%  下界  16.8%   均T+20  -6.19%  最差浮亏  -25.87%   T+60 4/10
  　生产  mg_chg60<=+0.0004         n= 27  命中 19/27   70.4%  下界  51.5%   均T+20  +5.68%  最差浮亏  -23.61%   T+60 20/27
  　长历史<  mg_chg60<=+0.0004       n= 25  命中 23/25   92.0%  下界  75.0%   均T+20  +6.46%  最差浮亏  -11.59%   T+60 25/25
  　生产  mg_chg60>=+0.0472         n=  4  命中 4/4   100.0%  下界  51.0%   均T+20  +9.27%  最差浮亏   -2.68%   T+60 4/4
  　长历史>  mg_chg60>=+0.0472       n= 10  命中 4/10   40.0%  下界  16.8%   均T+20  -6.19%  最差浮亏  -25.87%   T+60 4/10
  　生产  mg_chg60<=+0.0472         n= 33  命中 25/33   75.8%  下界  59.0%   均T+20  +5.96%  最差浮亏  -23.61%   T+60 24/33
  　长历史<  mg_chg60<=+0.0472       n= 25  命中 23/25   92.0%  下界  75.0%   均T+20  +6.46%  最差浮亏  -11.59%   T+60 25/25

──── mg_pos ────
  　生产 无过滤                        n= 33  命中 25/33   75.8%  下界  59.0%   均T+20  +5.96%  最差浮亏  -23.61%   T+60 24/33
  　长历史expand 无过滤                 n= 35  命中 27/35   77.1%  下界  61.0%   均T+20  +2.85%  最差浮亏  -25.87%   T+60 29/35
  　生产  mg_pos>=+0.5119           n= 33  命中 25/33   75.8%  下界  59.0%   均T+20  +5.96%  最差浮亏  -23.61%   T+60 24/33
  　长历史>  mg_pos>=+0.5119         n= 26  命中 20/26   76.9%  下界  57.9%   均T+20  +2.68%  最差浮亏  -25.87%   T+60 20/26
  　生产  mg_pos>=+0.5874           n= 33  命中 25/33   75.8%  下界  59.0%   均T+20  +5.96%  最差浮亏  -23.61%   T+60 24/33
  　长历史>  mg_pos>=+0.5874         n= 23  命中 17/23   73.9%  下界  53.5%   均T+20  +1.71%  最差浮亏  -25.87%   T+60 17/23
  　生产  mg_pos<=+0.5874           n=  6  命中 6/6   100.0%  下界  61.0%   均T+20  +9.13%  最差浮亏   +0.98%   T+60 6/6
  　长历史<  mg_pos<=+0.5874         n= 19  命中 17/19   89.5%  下界  68.6%   均T+20  +5.73%  最差浮亏  -11.59%   T+60 19/19
  　生产  mg_pos>=+0.5874           n= 33  命中 25/33   75.8%  下界  59.0%   均T+20  +5.96%  最差浮亏  -23.61%   T+60 24/33
  　长历史>  mg_pos>=+0.5874         n= 23  命中 17/23   73.9%  下界  53.5%   均T+20  +1.71%  最差浮亏  -25.87%   T+60 17/23
  　生产  mg_pos<=+0.5874           n=  6  命中 6/6   100.0%  下界  61.0%   均T+20  +9.13%  最差浮亏   +0.98%   T+60 6/6
  　长历史<  mg_pos<=+0.5874         n= 19  命中 17/19   89.5%  下界  68.6%   均T+20  +5.73%  最差浮亏  -11.59%   T+60 19/19
  　生产  mg_pos>=+0.8334           n= 24  命中 16/24   66.7%  下界  46.7%   均T+20  +4.75%  最差浮亏  -23.61%   T+60 15/24
  　长历史>  mg_pos>=+0.8334         n= 16  命中 10/16   62.5%  下界  38.6%   均T+20  -0.58%  最差浮亏  -25.87%   T+60 10/16
  　生产  mg_pos<=+0.8334           n= 13  命中 13/13  100.0%  下界  77.2%   均T+20  +9.77%  最差浮亏   -2.90%   T+60 13/13
  　长历史<  mg_pos<=+0.8334         n= 22  命中 20/22   90.9%  下界  72.2%   均T+20  +6.14%  最差浮亏  -11.59%   T+60 22/22
  　生产  mg_pos>=+0.9195           n= 16  命中 10/16   62.5%  下界  38.6%   均T+20  +3.85%  最差浮亏  -23.61%   T+60 8/16
  　长历史>  mg_pos>=+0.9195         n= 10  命中 4/10   40.0%  下界  16.8%   均T+20  -6.19%  最差浮亏  -25.87%   T+60 4/10
  　生产  mg_pos<=+0.9195           n= 17  命中 15/17   88.2%  下界  65.7%   均T+20  +7.95%  最差浮亏   -5.52%   T+60 16/17
  　长历史<  mg_pos<=+0.9195         n= 31  命中 23/31   74.2%  下界  56.8%   均T+20  +2.44%  最差浮亏  -25.87%   T+60 25/31
  　生产  mg_pos>=+0.9375           n= 14  命中 10/14   71.4%  下界  45.4%   均T+20  +5.00%  最差浮亏  -23.61%   T+60 8/14
  　长历史>  mg_pos>=+0.9375         n=  4  命中 4/4   100.0%  下界  51.0%   均T+20  +5.97%  最差浮亏   -2.62%   T+60 4/4
  　生产  mg_pos<=+0.9375           n= 21  命中 16/21   76.2%  下界  54.9%   均T+20  +5.96%  最差浮亏   -7.20%   T+60 16/21
  　长历史<  mg_pos<=+0.9375         n= 31  命中 23/31   74.2%  下界  56.8%   均T+20  +2.44%  最差浮亏  -25.87%   T+60 25/31
  　生产  mg_pos>=+0.9554           n= 10  命中 7/10   70.0%  下界  39.7%   均T+20  +4.15%  最差浮亏  -23.61%   T+60 6/10
  　长历史>  mg_pos>=+0.9554         n=  4  命中 4/4   100.0%  下界  51.0%   均T+20  +5.97%  最差浮亏   -2.62%   T+60 4/4
  　生产  mg_pos<=+0.9554           n= 27  命中 22/27   81.5%  下界  63.3%   均T+20  +7.12%  最差浮亏   -7.20%   T+60 22/27
  　长历史<  mg_pos<=+0.9554         n= 31  命中 23/31   74.2%  下界  56.8%   均T+20  +2.44%  最差浮亏  -25.87%   T+60 25/31

──── mg_acc ────
  　生产 无过滤                        n= 33  命中 25/33   75.8%  下界  59.0%   均T+20  +5.96%  最差浮亏  -23.61%   T+60 24/33
  　长历史expand 无过滤                 n= 35  命中 27/35   77.1%  下界  61.0%   均T+20  +2.85%  最差浮亏  -25.87%   T+60 29/35
  　生产  mg_acc>=-0.0798           n= 33  命中 25/33   75.8%  下界  59.0%   均T+20  +5.96%  最差浮亏  -23.61%   T+60 24/33
  　长历史>  mg_acc>=-0.0798         n= 29  命中 23/29   79.3%  下界  61.6%   均T+20  +2.48%  最差浮亏  -25.87%   T+60 23/29
  　生产  mg_acc>=-0.0293           n= 33  命中 25/33   75.8%  下界  59.0%   均T+20  +5.96%  最差浮亏  -23.61%   T+60 24/33
  　长历史>  mg_acc>=-0.0293         n= 22  命中 22/22  100.0%  下界  85.1%   均T+20  +6.25%  最差浮亏   -2.62%   T+60 22/22
  　生产  mg_acc<=-0.0293           n=  4  命中 4/4   100.0%  下界  51.0%   均T+20 +11.10%  最差浮亏   -2.17%   T+60 4/4
  　长历史<  mg_acc<=-0.0293         n= 16  命中 8/16   50.0%  下界  28.0%   均T+20  -0.73%  最差浮亏  -25.87%   T+60 10/16
  　生产  mg_acc>=-0.0251           n= 29  命中 21/29   72.4%  下界  54.3%   均T+20  +5.25%  最差浮亏  -23.61%   T+60 20/29
  　长历史>  mg_acc>=-0.0251         n= 15  命中 15/15  100.0%  下界  79.6%   均T+20  +5.82%  最差浮亏   -2.33%   T+60 15/15
  　生产  mg_acc<=-0.0251           n=  4  命中 4/4   100.0%  下界  51.0%   均T+20 +11.10%  最差浮亏   -2.17%   T+60 4/4
  　长历史<  mg_acc<=-0.0251         n= 20  命中 12/20   60.0%  下界  38.7%   均T+20  +0.61%  最差浮亏  -25.87%   T+60 14/20
  　生产  mg_acc>=-0.0228           n= 29  命中 21/29   72.4%  下界  54.3%   均T+20  +5.25%  最差浮亏  -23.61%   T+60 20/29
  　长历史>  mg_acc>=-0.0228         n= 15  命中 15/15  100.0%  下界  79.6%   均T+20  +5.82%  最差浮亏   -2.33%   T+60 15/15
  　生产  mg_acc<=-0.0228           n= 10  命中 10/10  100.0%  下界  72.2%   均T+20  +9.92%  最差浮亏   -2.17%   T+60 10/10
  　长历史<  mg_acc<=-0.0228         n= 27  命中 19/27   70.4%  下界  51.5%   均T+20  +2.25%  最差浮亏  -25.87%   T+60 21/27
  　生产  mg_acc>=-0.0136           n= 17  命中 9/17   52.9%  下界  31.0%   均T+20  +2.75%  最差浮亏  -23.61%   T+60 8/17
  　长历史>  mg_acc>=-0.0136         n=  8  命中 8/8   100.0%  下界  67.6%   均T+20  +4.85%  最差浮亏   -2.33%   T+60 8/8
  　生产  mg_acc<=-0.0136           n= 17  命中 16/17   94.1%  下界  73.0%   均T+20  +8.62%  最差浮亏   -3.40%   T+60 17/17
  　长历史<  mg_acc<=-0.0136         n= 29  命中 21/29   72.4%  下界  54.3%   均T+20  +2.31%  最差浮亏  -25.87%   T+60 23/29
  　生产  mg_acc>=-0.0132           n= 13  命中 8/13   61.5%  下界  35.5%   均T+20  +3.75%  最差浮亏   -7.20%   T+60 5/13
  　长历史>  mg_acc>=-0.0132         n=  6  命中 6/6   100.0%  下界  61.0%   均T+20  +5.45%  最差浮亏   -2.33%   T+60 6/6
  　生产  mg_acc<=-0.0132           n= 20  命中 17/20   85.0%  下界  64.0%   均T+20  +7.40%  最差浮亏  -23.61%   T+60 19/20
  　长历史<  mg_acc<=-0.0132         n= 35  命中 27/35   77.1%  下界  61.0%   均T+20  +2.85%  最差浮亏  -25.87%   T+60 29/35
  　生产  mg_acc<=-0.0096           n= 22  命中 18/22   81.8%  下界  61.5%   均T+20  +6.65%  最差浮亏  -23.61%   T+60 19/22
  　长历史<  mg_acc<=-0.0096         n= 35  命中 27/35   77.1%  下界  61.0%   均T+20  +2.85%  最差浮亏  -25.87%   T+60 29/35

──── bna ────
  　生产 无过滤                        n= 33  命中 25/33   75.8%  下界  59.0%   均T+20  +5.96%  最差浮亏  -23.61%   T+60 24/33
  　长历史expand 无过滤                 n= 35  命中 27/35   77.1%  下界  61.0%   均T+20  +2.85%  最差浮亏  -25.87%   T+60 29/35
  　生产  bna>=+0.0147              n= 33  命中 25/33   75.8%  下界  59.0%   均T+20  +5.96%  最差浮亏  -23.61%   T+60 24/33
  　长历史>  bna>=+0.0147            n= 26  命中 24/26   92.3%  下界  75.9%   均T+20  +5.96%  最差浮亏  -11.59%   T+60 26/26
  　生产  bna>=+0.0181              n= 33  命中 25/33   75.8%  下界  59.0%   均T+20  +5.96%  最差浮亏  -23.61%   T+60 24/33
  　长历史>  bna>=+0.0181            n= 23  命中 23/23  100.0%  下界  85.7%   均T+20  +6.86%  最差浮亏   -2.62%   T+60 23/23
  　生产  bna>=+0.0696              n= 28  命中 21/28   75.0%  下界  56.6%   均T+20  +5.82%  最差浮亏  -23.61%   T+60 20/28
  　长历史>  bna>=+0.0696            n= 17  命中 17/17  100.0%  下界  81.6%   均T+20  +7.36%  最差浮亏   -2.62%   T+60 17/17
  　生产  bna<=+0.0696              n=  7  命中 4/7    57.1%  下界  25.0%   均T+20  +3.63%  最差浮亏   -7.20%   T+60 4/7
  　长历史<  bna<=+0.0696            n= 18  命中 10/18   55.6%  下界  33.7%   均T+20  -1.41%  最差浮亏  -25.87%   T+60 12/18
  　生产  bna>=+0.0894              n= 20  命中 18/20   90.0%  下界  69.9%   均T+20  +8.61%  最差浮亏  -23.61%   T+60 19/20
  　长历史>  bna>=+0.0894            n= 15  命中 15/15  100.0%  下界  79.6%   均T+20  +7.93%  最差浮亏   -2.62%   T+60 15/15
  　生产  bna<=+0.0894              n= 16  命中 10/16   62.5%  下界  38.6%   均T+20  +3.27%  最差浮亏   -7.20%   T+60 8/16
  　长历史<  bna<=+0.0894            n= 20  命中 12/20   60.0%  下界  38.7%   均T+20  -0.97%  最差浮亏  -25.87%   T+60 14/20
  　生产  bna>=+0.1075              n= 10  命中 10/10  100.0%  下界  72.2%   均T+20  +9.92%  最差浮亏   -2.17%   T+60 10/10
  　长历史>  bna>=+0.1075            n= 15  命中 15/15  100.0%  下界  79.6%   均T+20  +7.93%  最差浮亏   -2.62%   T+60 15/15
  　生产  bna<=+0.1075              n= 29  命中 21/29   72.4%  下界  54.3%   均T+20  +5.25%  最差浮亏  -23.61%   T+60 20/29
  　长历史<  bna<=+0.1075            n= 28  命中 20/28   71.4%  下界  52.9%   均T+20  +1.30%  最差浮亏  -25.87%   T+60 22/28
  　生产  bna>=+0.1075              n= 10  命中 10/10  100.0%  下界  72.2%   均T+20  +9.92%  最差浮亏   -2.17%   T+60 10/10
  　长历史>  bna>=+0.1075            n= 15  命中 15/15  100.0%  下界  79.6%   均T+20  +7.93%  最差浮亏   -2.62%   T+60 15/15
  　生产  bna<=+0.1075              n= 29  命中 21/29   72.4%  下界  54.3%   均T+20  +5.25%  最差浮亏  -23.61%   T+60 20/29
  　长历史<  bna<=+0.1075            n= 28  命中 20/28   71.4%  下界  52.9%   均T+20  +1.30%  最差浮亏  -25.87%   T+60 22/28
  　生产  bna>=+0.1081              n=  4  命中 4/4   100.0%  下界  51.0%   均T+20 +11.10%  最差浮亏   -2.17%   T+60 4/4
  　长历史>  bna>=+0.1081            n=  7  命中 7/7   100.0%  下界  64.6%   均T+20  +9.02%  最差浮亏   -1.83%   T+60 7/7
  　生产  bna<=+0.1081              n= 29  命中 21/29   72.4%  下界  54.3%   均T+20  +5.25%  最差浮亏  -23.61%   T+60 20/29
  　长历史<  bna<=+0.1081            n= 28  命中 20/28   71.4%  下界  52.9%   均T+20  +1.30%  最差浮亏  -25.87%   T+60 22/28

──── bna_pct ────
  　生产 无过滤                        n= 33  命中 25/33   75.8%  下界  59.0%   均T+20  +5.96%  最差浮亏  -23.61%   T+60 24/33
  　长历史expand 无过滤                 n= 35  命中 27/35   77.1%  下界  61.0%   均T+20  +2.85%  最差浮亏  -25.87%   T+60 29/35
  　生产  bna_pct>=+38.3133         n= 28  命中 24/28   85.7%  下界  68.5%   均T+20  +7.50%  最差浮亏  -23.61%   T+60 24/28
  　长历史>  bna_pct>=+38.3133       n= 29  命中 27/29   93.1%  下界  78.0%   均T+20  +6.39%  最差浮亏  -11.59%   T+60 29/29
  　生产  bna_pct<=+38.3133         n=  5  命中 1/5    20.0%  下界   3.6%   均T+20  -2.66%  最差浮亏   -7.20%   T+60 0/5
  　长历史<  bna_pct<=+38.3133       n=  6  命中 0/6     0.0%  下界   0.0%   均T+20 -14.30%  最差浮亏  -25.87%   T+60 0/6
  　生产  bna_pct>=+66.1290         n= 24  命中 20/24   83.3%  下界  64.1%   均T+20  +7.21%  最差浮亏  -23.61%   T+60 20/24
  　长历史>  bna_pct>=+66.1290       n= 29  命中 27/29   93.1%  下界  78.0%   均T+20  +6.39%  最差浮亏  -11.59%   T+60 29/29
  　生产  bna_pct<=+66.1290         n= 15  命中 11/15   73.3%  下界  48.0%   均T+20  +5.24%  最差浮亏   -7.20%   T+60 10/15
  　长历史<  bna_pct<=+66.1290       n= 13  命中 7/13   53.8%  下界  29.1%   均T+20  -2.87%  最差浮亏  -25.87%   T+60 7/13
  　生产  bna_pct>=+66.1290         n= 24  命中 20/24   83.3%  下界  64.1%   均T+20  +7.21%  最差浮亏  -23.61%   T+60 20/24
  　长历史>  bna_pct>=+66.1290       n= 29  命中 27/29   93.1%  下界  78.0%   均T+20  +6.39%  最差浮亏  -11.59%   T+60 29/29
  　生产  bna_pct<=+66.1290         n= 15  命中 11/15   73.3%  下界  48.0%   均T+20  +5.24%  最差浮亏   -7.20%   T+60 10/15
  　长历史<  bna_pct<=+66.1290       n= 13  命中 7/13   53.8%  下界  29.1%   均T+20  -2.87%  最差浮亏  -25.87%   T+60 7/13
  　生产  bna_pct>=+79.3000         n= 18  命中 14/18   77.8%  下界  54.8%   均T+20  +6.56%  最差浮亏  -23.61%   T+60 14/18
  　长历史>  bna_pct>=+79.3000       n= 16  命中 16/16  100.0%  下界  80.6%   均T+20  +6.83%  最差浮亏   -2.62%   T+60 16/16
  　生产  bna_pct<=+79.3000         n= 15  命中 11/15   73.3%  下界  48.0%   均T+20  +5.24%  最差浮亏   -7.20%   T+60 10/15
  　长历史<  bna_pct<=+79.3000       n= 19  命中 11/19   57.9%  下界  36.3%   均T+20  -0.51%  最差浮亏  -25.87%   T+60 13/19
  　生产  bna_pct>=+98.8764         n= 11  命中 9/11   81.8%  下界  52.3%   均T+20  +8.15%  最差浮亏  -23.61%   T+60 10/11
  　长历史>  bna_pct>=+98.8764       n= 13  命中 13/13  100.0%  下界  77.2%   均T+20  +7.37%  最差浮亏   -2.33%   T+60 13/13
  　生产  bna_pct<=+98.8764         n= 22  命中 16/22   72.7%  下界  51.8%   均T+20  +4.87%  最差浮亏   -7.20%   T+60 14/22
  　长历史<  bna_pct<=+98.8764       n= 22  命中 14/22   63.6%  下界  43.0%   均T+20  +0.17%  最差浮亏  -25.87%   T+60 16/22
  　生产  bna_pct>=+100.0000        n= 11  命中 9/11   81.8%  下界  52.3%   均T+20  +8.15%  最差浮亏  -23.61%   T+60 10/11
  　长历史>  bna_pct>=+100.0000      n= 10  命中 10/10  100.0%  下界  72.2%   均T+20  +7.92%  最差浮亏   -2.33%   T+60 10/10
  　生产  bna_pct<=+100.0000        n= 33  命中 25/33   75.8%  下界  59.0%   均T+20  +5.96%  最差浮亏  -23.61%   T+60 24/33
  　长历史<  bna_pct<=+100.0000      n= 35  命中 27/35   77.1%  下界  61.0%   均T+20  +2.85%  最差浮亏  -25.87%   T+60 29/35
  　生产  bna_pct>=+100.0000        n= 11  命中 9/11   81.8%  下界  52.3%   均T+20  +8.15%  最差浮亏  -23.61%   T+60 10/11
  　长历史>  bna_pct>=+100.0000      n= 10  命中 10/10  100.0%  下界  72.2%   均T+20  +7.92%  最差浮亏   -2.33%   T+60 10/10
  　生产  bna_pct<=+100.0000        n= 33  命中 25/33   75.8%  下界  59.0%   均T+20  +5.96%  最差浮亏  -23.61%   T+60 24/33
  　长历史<  bna_pct<=+100.0000      n= 35  命中 27/35   77.1%  下界  61.0%   均T+20  +2.85%  最差浮亏  -25.87%   T+60 29/35

──── bna_chg20 ────
  　生产 无过滤                        n= 33  命中 25/33   75.8%  下界  59.0%   均T+20  +5.96%  最差浮亏  -23.61%   T+60 24/33
  　长历史expand 无过滤                 n= 35  命中 27/35   77.1%  下界  61.0%   均T+20  +2.85%  最差浮亏  -25.87%   T+60 29/35
  　生产  bna_chg20>=+0.1620        n= 29  命中 24/29   82.8%  下界  65.5%   均T+20  +7.03%  最差浮亏  -23.61%   T+60 24/29
  　长历史>  bna_chg20>=+0.1620      n= 28  命中 26/28   92.9%  下界  77.4%   均T+20  +6.36%  最差浮亏  -11.59%   T+60 28/28
  　生产  bna_chg20<=+0.1620        n=  4  命中 1/4    25.0%  下界   4.6%   均T+20  -1.78%  最差浮亏   -6.08%   T+60 0/4
  　长历史<  bna_chg20<=+0.1620      n=  7  命中 1/7    14.3%  下界   2.6%   均T+20 -11.22%  最差浮亏  -25.87%   T+60 1/7
  　生产  bna_chg20>=+0.2990        n= 23  命中 20/23   87.0%  下界  67.9%   均T+20  +7.62%  最差浮亏  -23.61%   T+60 20/23
  　长历史>  bna_chg20>=+0.2990      n= 28  命中 26/28   92.9%  下界  77.4%   均T+20  +6.36%  最差浮亏  -11.59%   T+60 28/28
  　生产  bna_chg20<=+0.2990        n= 10  命中 5/10   50.0%  下界  23.7%   均T+20  +2.15%  最差浮亏   -7.20%   T+60 4/10
  　长历史<  bna_chg20<=+0.2990      n=  7  命中 1/7    14.3%  下界   2.6%   均T+20 -11.22%  最差浮亏  -25.87%   T+60 1/7
  　生产  bna_chg20>=+0.3190        n= 21  命中 18/21   85.7%  下界  65.4%   均T+20  +8.04%  最差浮亏  -23.61%   T+60 20/21
  　长历史>  bna_chg20>=+0.3190      n= 28  命中 26/28   92.9%  下界  77.4%   均T+20  +6.36%  最差浮亏  -11.59%   T+60 28/28
  　生产  bna_chg20<=+0.3190        n= 18  命中 13/18   72.2%  下界  49.1%   均T+20  +4.59%  最差浮亏   -7.20%   T+60 10/18
  　长历史<  bna_chg20<=+0.3190      n= 14  命中 8/14   57.1%  下界  32.6%   均T+20  -2.14%  最差浮亏  -25.87%   T+60 8/14
  　生产  bna_chg20>=+0.3381        n= 15  命中 12/15   80.0%  下界  54.8%   均T+20  +7.61%  最差浮亏  -23.61%   T+60 14/15
  　长历史>  bna_chg20>=+0.3381      n= 21  命中 19/21   90.5%  下界  71.1%   均T+20  +6.17%  最差浮亏  -11.59%   T+60 21/21
  　生产  bna_chg20<=+0.3381        n= 21  命中 14/21   66.7%  下界  45.4%   均T+20  +4.00%  最差浮亏  -23.61%   T+60 12/21
  　长历史<  bna_chg20<=+0.3381      n= 14  命中 8/14   57.1%  下界  32.6%   均T+20  -2.14%  最差浮亏  -25.87%   T+60 8/14
  　生产  bna_chg20>=+0.4399        n=  6  命中 6/6   100.0%  下界  61.0%   均T+20 +12.42%  最差浮亏   -2.43%   T+60 6/6
  　长历史>  bna_chg20>=+0.4399      n= 19  命中 17/19   89.5%  下界  68.6%   均T+20  +6.50%  最差浮亏  -11.59%   T+60 19/19
  　生产  bna_chg20<=+0.4399        n= 27  命中 19/27   70.4%  下界  51.5%   均T+20  +4.52%  最差浮亏  -23.61%   T+60 18/27
  　长历史<  bna_chg20<=+0.4399      n= 19  命中 13/19   68.4%  下界  46.0%   均T+20  -0.38%  最差浮亏  -25.87%   T+60 13/19
  　生产  bna_chg20>=+0.5804        n=  4  命中 4/4   100.0%  下界  51.0%   均T+20 +11.10%  最差浮亏   -2.17%   T+60 4/4
  　长历史>  bna_chg20>=+0.5804      n= 16  命中 14/16   87.5%  下界  64.0%   均T+20  +6.68%  最差浮亏  -11.59%   T+60 16/16
  　生产  bna_chg20<=+0.5804        n= 33  命中 25/33   75.8%  下界  59.0%   均T+20  +5.96%  最差浮亏  -23.61%   T+60 24/33
  　长历史<  bna_chg20<=+0.5804      n= 22  命中 16/22   72.7%  下界  51.8%   均T+20  +0.86%  最差浮亏  -25.87%   T+60 16/22
  　生产  bna_chg20<=+1.5938        n= 33  命中 25/33   75.8%  下界  59.0%   均T+20  +5.96%  最差浮亏  -23.61%   T+60 24/33
  　长历史<  bna_chg20<=+1.5938      n= 26  命中 20/26   76.9%  下界  57.9%   均T+20  +2.68%  最差浮亏  -25.87%   T+60 20/26

====================================================================================================================================
④ 两个失败日的市场读数（2024-01-23 中小盘危机 vs 同日大盘命中）
====================================================================================================================================
  board       date   ret20   mdd20  reso mg_chg20  mg_acc mg_pct    bna bna_pct  ok20
     SH 2024-01-23  +6.74%  -2.48%     1   -2.92%  -1.32%   70.0 10.25%   100.0  True
   STAR 2024-02-01 +16.40%  -2.41%     3   -5.38%  -0.73%   36.8 10.72%   100.0  True
CHINEXT 2024-02-01 +13.74%  -2.43%     3   -5.38%  -0.73%   36.8 10.72%   100.0  True
CSI2000 2024-01-23  -6.79% -23.61%     1   -2.92%  -1.32%   70.0 10.25%   100.0 False
CSI1000 2024-01-23  +1.43% -15.48%     1   -2.92%  -1.32%   70.0 10.25%   100.0 False

====================================================================================================================================
⑤ 2015-2016 那段的读数（准入门槛）
====================================================================================================================================
  2015 年 n=12 命中 4   mg_chg20 均值 -8.5%   mg_acc 均值 -10.27%   bna_pct 均值 42.6
  　2015 去杠杆更快的一半                 n=  6  命中 4/6    66.7%  下界  30.0%   均T+20  +4.61%  最差浮亏  -11.59%   T+60 6/6
  　2015 去杠杆更慢的一半                 n=  6  命中 0/6     0.0%  下界   0.0%   均T+20 -14.30%  最差浮亏  -25.87%   T+60 0/6
  2016 年 n=6 命中 6   mg_chg20 均值 -23.1%   mg_acc 均值 -1.32%   bna_pct 均值 100.0
  　2016 去杠杆更快的一半                 n=  6  命中 6/6   100.0%  下界  61.0%   均T+20  +5.45%  最差浮亏   -2.33%   T+60 6/6
  　2016 去杠杆更慢的一半                 无样本
