==========================================================================================================================================
① 单条件：生产 / 长历史trail / 长历史expand（含 2015-2016）
==========================================================================================================================================

──── 去杠杆已发生 mg_chg20<=-3% ────
  　生产 33                             n= 13  命中 12/13   92.3%  下界  66.7%   均T+20  +8.80%  最差浮亏   -6.08%   T+60 11/13
  　长历史trail 77                       n= 25  命中 19/25   76.0%  下界  56.6%   均T+20  +4.89%  最差浮亏  -11.59%   T+60 22/25
  　长历史expand 35                      n= 16  命中 14/16   87.5%  下界  64.0%   均T+20  +6.68%  最差浮亏  -11.59%   T+60 16/16

──── 去杠杆已发生 mg_chg20<=-5% ────
  　生产 33                             n=  8  命中 8/8   100.0%  下界  67.6%   均T+20 +11.03%  最差浮亏   -2.43%   T+60 8/8
  　长历史trail 77                       n= 18  命中 15/18   83.3%  下界  60.8%   均T+20  +5.26%  最差浮亏  -11.59%   T+60 18/18
  　长历史expand 35                      n= 16  命中 14/16   87.5%  下界  64.0%   均T+20  +6.68%  最差浮亏  -11.59%   T+60 16/16

──── 杠杆水位低 mg_pct<=30 ────
  　生产 33                             n= 17  命中 15/17   88.2%  下界  65.7%   均T+20  +7.95%  最差浮亏   -5.52%   T+60 16/17
  　长历史trail 77                       n= 28  命中 22/28   78.6%  下界  60.5%   均T+20  +4.76%  最差浮亏   -8.83%   T+60 26/28
  　长历史expand 35                      n= 19  命中 19/19  100.0%  下界  83.2%   均T+20  +7.05%  最差浮亏   -2.33%   T+60 19/19

──── 杠杆水位低 mg_pct<=40 ────
  　生产 33                             n= 21  命中 17/21   81.0%  下界  60.0%   均T+20  +7.47%  最差浮亏   -7.20%   T+60 18/21
  　长历史trail 77                       n= 32  命中 22/32   68.8%  下界  51.4%   均T+20  +3.58%  最差浮亏   -8.83%   T+60 26/32
  　长历史expand 35                      n= 19  命中 19/19  100.0%  下界  83.2%   均T+20  +7.05%  最差浮亏   -2.33%   T+60 19/19

──── 破净率 bna>=8% ────
  　生产 33                             n= 23  命中 20/23   87.0%  下界  67.9%   均T+20  +7.62%  最差浮亏  -23.61%   T+60 20/23
  　长历史trail 77                       n= 37  命中 29/37   78.4%  下界  62.8%   均T+20  +5.30%  最差浮亏  -15.48%   T+60 32/37
  　长历史expand 35                      n= 17  命中 17/17  100.0%  下界  81.6%   均T+20  +7.36%  最差浮亏   -2.62%   T+60 17/17

──── 破净率 bna>=10% ────
  　生产 33                             n= 15  命中 13/15   86.7%  下界  62.1%   均T+20  +8.71%  最差浮亏  -23.61%   T+60 14/15
  　长历史trail 77                       n= 22  命中 19/22   86.4%  下界  66.7%   均T+20  +6.08%  最差浮亏  -15.48%   T+60 22/22
  　长历史expand 35                      n= 15  命中 15/15  100.0%  下界  79.6%   均T+20  +7.93%  最差浮亏   -2.62%   T+60 15/15

──── 破净分位 bna_pct>=60 ────
  　生产 33                             n= 28  命中 24/28   85.7%  下界  68.5%   均T+20  +7.50%  最差浮亏  -23.61%   T+60 24/28
  　长历史trail 77                       n= 60  命中 46/60   76.7%  下界  64.6%   均T+20  +5.16%  最差浮亏  -15.48%   T+60 53/60
  　长历史expand 35                      n= 29  命中 27/29   93.1%  下界  78.0%   均T+20  +6.39%  最差浮亏  -11.59%   T+60 29/29

──── 破净分位 bna_pct>=75 ────
  　生产 33                             n= 18  命中 14/18   77.8%  下界  54.8%   均T+20  +6.56%  最差浮亏  -23.61%   T+60 14/18
  　长历史trail 77                       n= 38  命中 26/38   68.4%  下界  52.5%   均T+20  +4.49%  最差浮亏  -15.48%   T+60 31/38
  　长历史expand 35                      n= 16  命中 16/16  100.0%  下界  80.6%   均T+20  +6.83%  最差浮亏   -2.62%   T+60 16/16

──── 共振 reso>=2 ────
  　生产 33                             n=  8  命中 8/8   100.0%  下界  67.6%   均T+20 +11.03%  最差浮亏   -2.43%   T+60 8/8
  　长历史trail 77                       n= 18  命中 13/18   72.2%  下界  49.1%   均T+20  +5.86%  最差浮亏   -8.83%   T+60 18/18
  　长历史expand 35                      n=  3  命中 3/3   100.0%  下界  43.8%   均T+20 +10.14%  最差浮亏   +6.55%   T+60 3/3

　（对照）无过滤
  　生产 33                             n= 33  命中 25/33   75.8%  下界  59.0%   均T+20  +5.96%  最差浮亏  -23.61%   T+60 24/33
  　长历史trail 77                       n= 77  命中 48/77   62.3%  下界  51.2%   均T+20  +2.53%  最差浮亏  -25.87%   T+60 53/77
  　长历史expand 35                      n= 35  命中 27/35   77.1%  下界  61.0%   均T+20  +2.85%  最差浮亏  -25.87%   T+60 29/35

==========================================================================================================================================
② 组合条件
==========================================================================================================================================

──── 去杠杆(-3%) + 破净(>=8%) ────
  　生产 33                             n= 11  命中 11/11  100.0%  下界  74.1%   均T+20 +10.55%  最差浮亏   -2.90%   T+60 11/11
  　长历史trail 77                       n=  9  命中 8/9    88.9%  下界  56.5%   均T+20  +6.21%  最差浮亏   -3.87%   T+60 9/9
  　长历史expand 35                      n=  4  命中 4/4   100.0%  下界  51.0%   均T+20 +11.63%  最差浮亏   -1.83%   T+60 4/4

──── 去杠杆(-3%) + 杠杆水位(<=30) ────
  　生产 33                             n=  9  命中 9/9   100.0%  下界  70.1%   均T+20  +9.55%  最差浮亏   -2.90%   T+60 9/9
  　长历史trail 77                       n= 15  命中 12/15   80.0%  下界  54.8%   均T+20  +4.90%  最差浮亏   -8.83%   T+60 15/15
  　长历史expand 35                      n= 10  命中 10/10  100.0%  下界  72.2%   均T+20  +7.92%  最差浮亏   -2.33%   T+60 10/10

──── 去杠杆(-3%) 或 破净(>=8%) ────
  　生产 33                             n= 25  命中 21/25   84.0%  下界  65.3%   均T+20  +6.94%  最差浮亏  -23.61%   T+60 20/25
  　长历史trail 77                       n= 53  命中 40/53   75.5%  下界  62.4%   均T+20  +4.96%  最差浮亏  -15.48%   T+60 45/53
  　长历史expand 35                      n= 29  命中 27/29   93.1%  下界  78.0%   均T+20  +6.39%  最差浮亏  -11.59%   T+60 29/29

──── 去杠杆(-3%) 或 杠杆水位(<=30) ────
  　生产 33                             n= 21  命中 18/21   85.7%  下界  65.4%   均T+20  +7.79%  最差浮亏   -6.08%   T+60 18/21
  　长历史trail 77                       n= 38  命中 29/38   76.3%  下界  60.8%   均T+20  +4.79%  最差浮亏  -11.59%   T+60 33/38
  　长历史expand 35                      n= 25  命中 23/25   92.0%  下界  75.0%   均T+20  +6.46%  最差浮亏  -11.59%   T+60 25/25

──── 破净分位(>=60) + 共振(>=2) ────
  　生产 33                             n=  8  命中 8/8   100.0%  下界  67.6%   均T+20 +11.03%  最差浮亏   -2.43%   T+60 8/8
  　长历史trail 77                       n= 18  命中 13/18   72.2%  下界  49.1%   均T+20  +5.86%  最差浮亏   -8.83%   T+60 18/18
  　长历史expand 35                      n=  3  命中 3/3   100.0%  下界  43.8%   均T+20 +10.14%  最差浮亏   +6.55%   T+60 3/3

──── 去杠杆(-3%) + 共振(>=2) ────
  　生产 33                             n=  8  命中 8/8   100.0%  下界  67.6%   均T+20 +11.03%  最差浮亏   -2.43%   T+60 8/8
  　长历史trail 77                       n= 15  命中 13/15   86.7%  下界  62.1%   均T+20  +6.50%  最差浮亏   -8.83%   T+60 15/15
  　长历史expand 35                      n=  3  命中 3/3   100.0%  下界  43.8%   均T+20 +10.14%  最差浮亏   +6.55%   T+60 3/3

──── 去杠杆(-3%) 或 共振(>=2) ────
  　生产 33                             n= 13  命中 12/13   92.3%  下界  66.7%   均T+20  +8.80%  最差浮亏   -6.08%   T+60 11/13
  　长历史trail 77                       n= 28  命中 19/28   67.9%  下界  49.3%   均T+20  +4.65%  最差浮亏  -11.59%   T+60 25/28
  　长历史expand 35                      n= 16  命中 14/16   87.5%  下界  64.0%   均T+20  +6.68%  最差浮亏  -11.59%   T+60 16/16

──── 三项全满足 ────
  　生产 33                             n=  8  命中 8/8   100.0%  下界  67.6%   均T+20 +11.03%  最差浮亏   -2.43%   T+60 8/8
  　长历史trail 77                       n=  7  命中 7/7   100.0%  下界  64.6%   均T+20  +6.50%  最差浮亏   -1.83%   T+60 7/7
  　长历史expand 35                      无样本

──── 去杠杆(-3%) + 破净(>=8%) + 共振(>=2) 中至少2项 ────
  　生产 33                             n= 11  命中 11/11  100.0%  下界  74.1%   均T+20 +10.55%  最差浮亏   -2.90%   T+60 11/11
  　长历史trail 77                       n= 20  命中 14/20   70.0%  下界  48.1%   均T+20  +5.79%  最差浮亏   -8.83%   T+60 20/20
  　长历史expand 35                      n=  7  命中 7/7   100.0%  下界  64.6%   均T+20 +10.99%  最差浮亏   -1.83%   T+60 7/7

==========================================================================================================================================
③ 分年度（长历史 expand 锚，含 2015-2016）—— 准入门槛
==========================================================================================================================================
  条件                                   2015     2016     2020     2022     2024     2025          合计
  去杠杆已发生 mg_chg20<=-3%                  4/6      6/6        -      3/3      1/1        -       14/16
  杠杆水位低 mg_pct<=30                        -      6/6        -      5/5      1/1      7/7       19/19
  破净率 bna>=8%                             -        -      4/4      5/5      1/1      7/7       17/17
  破净分位 bna_pct>=60                      4/6      6/6      4/4      5/5      1/1      7/7       27/29
  共振 reso>=2                            3/3        -        -        -        -        -         3/3
  无过滤                                  4/12      6/6      4/4      5/5      1/1      7/7       27/35
  （T+60 盈利版）
  去杠杆已发生 mg_chg20<=-3%                  6/6      6/6        -      3/3      1/1        -       16/16
  杠杆水位低 mg_pct<=30                        -      6/6        -      5/5      1/1      7/7       19/19
  破净率 bna>=8%                             -        -      4/4      5/5      1/1      7/7       17/17
  破净分位 bna_pct>=60                      6/6      6/6      4/4      5/5      1/1      7/7       29/29
  共振 reso>=2                            3/3        -        -        -        -        -         3/3
  无过滤                                  6/12      6/6      4/4      5/5      1/1      7/7       29/35

==========================================================================================================================================
④ 邻域扰动（防尖峰）—— 主候选：mg_chg20<=-3% 与 bna>=8%
==========================================================================================================================================
  mg_chg20 <= -1%   生产 19/24   长历史expand 23/25   T+60 25/25   最差浮亏 -23.61%
  mg_chg20 <= -2%   生产 19/23   长历史expand 21/23   T+60 23/23   最差浮亏 -23.61%
  mg_chg20 <= -3%   生产 12/13   长历史expand 14/16   T+60 16/16   最差浮亏 -11.59%
  mg_chg20 <= -4%   生产 9/10   长历史expand 14/16   T+60 16/16   最差浮亏 -11.59%
  mg_chg20 <= -5%   生产 8/8   长历史expand 14/16   T+60 16/16   最差浮亏 -11.59%
  mg_chg20 <= -6%   生产 6/6   长历史expand 14/16   T+60 16/16   最差浮亏 -11.59%
  mg_chg20 <= -8%   生产 0/0   长历史expand 11/13   T+60 13/13   最差浮亏 -11.59%

  bna >= 4%       生产 25/33   长历史expand 17/17   T+60 17/17   最差浮亏 -23.61%
  bna >= 6%       生产 25/32   长历史expand 17/17   T+60 17/17   最差浮亏 -23.61%
  bna >= 8%       生产 20/23   长历史expand 17/17   T+60 17/17   最差浮亏 -23.61%
  bna >= 10%       生产 13/15   长历史expand 15/15   T+60 15/15   最差浮亏 -23.61%
  bna >= 12%       生产 0/0   长历史expand 4/4   T+60 4/4   最差浮亏 +0.00%
  bna >= 14%       生产 0/0   长历史expand 1/1   T+60 1/1   最差浮亏 +0.00%
