========================================================================================================================================
① 邻域扰动：bna_pct 门槛 40 → 85
========================================================================================================================================
  门槛               生产 命中     生产 T+60       长历史trail 命中     长历史trail T+60      长历史expand 命中   expand T+60   expand 2015
  >= 40            24/28        3/28             46/64              4/64             27/29          3/29           0/6
  >= 45            24/28        3/28             46/64              4/64             27/29          3/29           0/6
  >= 50            24/28        3/28             46/64              4/64             27/29          3/29           0/6
  >= 55            24/28        3/28             46/60              4/60             27/29          3/29           0/6
  >= 60            24/28        3/28             46/60              4/60             27/29          3/29           0/6
  >= 65            20/24        2/24             38/52              4/52             27/29          3/29           0/6
  >= 70            14/18        1/18             30/44              3/44             20/22          2/22           0/6
  >= 75            14/18        1/18             26/38              2/38             16/16          1/16             -
  >= 80            14/18        1/18             26/38              2/38             16/16          1/16             -
  >= 85            14/18        1/18             26/38              2/38             16/16          1/16             -

========================================================================================================================================
② bna_pct>=60 与 reso>=2 的组合
========================================================================================================================================

──── 无过滤 ────
  　生产 33                           n= 33  命中 25/33   75.8%  下界  59.0%   均T+20  +5.96%  最差浮亏  -23.61%   T+60 24/33
  　长历史trail 77                     n= 77  命中 48/77   62.3%  下界  51.2%   均T+20  +2.53%  最差浮亏  -25.87%   T+60 53/77
  　长历史expand 35                    n= 35  命中 27/35   77.1%  下界  61.0%   均T+20  +2.85%  最差浮亏  -25.87%   T+60 29/35

──── bna_pct>=60 ────
  　生产 33                           n= 28  命中 24/28   85.7%  下界  68.5%   均T+20  +7.50%  最差浮亏  -23.61%   T+60 24/28
  　长历史trail 77                     n= 60  命中 46/60   76.7%  下界  64.6%   均T+20  +5.16%  最差浮亏  -15.48%   T+60 53/60
  　长历史expand 35                    n= 29  命中 27/29   93.1%  下界  78.0%   均T+20  +6.39%  最差浮亏  -11.59%   T+60 29/29

──── reso>=2 ────
  　生产 33                           n=  8  命中 8/8   100.0%  下界  67.6%   均T+20 +11.03%  最差浮亏   -2.43%   T+60 8/8
  　长历史trail 77                     n= 18  命中 13/18   72.2%  下界  49.1%   均T+20  +5.86%  最差浮亏   -8.83%   T+60 18/18
  　长历史expand 35                    n=  3  命中 3/3   100.0%  下界  43.8%   均T+20 +10.14%  最差浮亏   +6.55%   T+60 3/3

──── bna_pct>=60 且 reso>=2 ────
  　生产 33                           n=  8  命中 8/8   100.0%  下界  67.6%   均T+20 +11.03%  最差浮亏   -2.43%   T+60 8/8
  　长历史trail 77                     n= 18  命中 13/18   72.2%  下界  49.1%   均T+20  +5.86%  最差浮亏   -8.83%   T+60 18/18
  　长历史expand 35                    n=  3  命中 3/3   100.0%  下界  43.8%   均T+20 +10.14%  最差浮亏   +6.55%   T+60 3/3

──── bna_pct>=60 或 reso>=2 ────
  　生产 33                           n= 28  命中 24/28   85.7%  下界  68.5%   均T+20  +7.50%  最差浮亏  -23.61%   T+60 24/28
  　长历史trail 77                     n= 60  命中 46/60   76.7%  下界  64.6%   均T+20  +5.16%  最差浮亏  -15.48%   T+60 53/60
  　长历史expand 35                    n= 29  命中 27/29   93.1%  下界  78.0%   均T+20  +6.39%  最差浮亏  -11.59%   T+60 29/29

========================================================================================================================================
③ 分年度（T+60 盈利 / H20 命中）—— 长历史 expand 锚，2015-2016 是门槛
========================================================================================================================================
  无过滤                     T+60 盈利          6/12      6/6      4/4      5/5      1/1      7/7       29/35
  无过滤                     H20 命中           4/12      6/6      4/4      5/5      1/1      7/7       27/35
  bna_pct>=60             T+60 盈利           6/6      6/6      4/4      5/5      1/1      7/7       29/29
  bna_pct>=60             H20 命中            4/6      6/6      4/4      5/5      1/1      7/7       27/29
  bna_pct>=60 或 reso>=2   T+60 盈利           6/6      6/6      4/4      5/5      1/1      7/7       29/29
  bna_pct>=60 或 reso>=2   H20 命中            4/6      6/6      4/4      5/5      1/1      7/7       27/29

========================================================================================================================================
④ 随机基线对照（不放对照就不能信）—— bna_pct>=60
========================================================================================================================================

  【生产 6 板块】 bna_pct>=60  n=28
    T+60 盈利          信号 24/28 =  85.7%   基线  52.1%   P(≥观测|基线)=0.00020   提升 +33.7pp
    T+20 盈利          信号 25/28 =  89.3%   基线  52.5%   P(≥观测|基线)=0.00004   提升 +36.8pp
    H20 未被套>3%       信号 24/28 =  85.7%   基线  50.6%   P(≥观测|基线)=0.00012   提升 +35.1pp

  【长历史 8 宽基 · trail】 bna_pct>=60  n=60
    T+60 盈利          信号 53/60 =  88.3%   基线  52.9%   P(≥观测|基线)=0.00000   提升 +35.5pp
    T+20 盈利          信号 56/60 =  93.3%   基线  52.7%   P(≥观测|基线)=0.00000   提升 +40.6pp
    H20 未被套>3%       信号 46/60 =  76.7%   基线  55.6%   P(≥观测|基线)=0.00058   提升 +21.1pp

  【长历史 8 宽基 · expand（含 2015-2016）】 bna_pct>=60  n=29
    T+60 盈利          信号 29/29 = 100.0%   基线  52.9%   P(≥观测|基线)=0.00000   提升 +47.1pp
    T+20 盈利          信号 27/29 =  93.1%   基线  52.6%   P(≥观测|基线)=0.00000   提升 +40.5pp
    H20 未被套>3%       信号 27/29 =  93.1%   基线  55.3%   P(≥观测|基线)=0.00001   提升 +37.8pp

========================================================================================================================================
⑤ 合并两个独立样本集：bna_pct>=60 的 T+60 盈利
========================================================================================================================================
  生产 24/28   +   长历史expand 29/29   =   53/57
    若基线 53%  →  P(至少 53/57) = 0.000000
    若基线 60%  →  P(至少 53/57) = 0.000000
    若基线 65%  →  P(至少 53/57) = 0.000001
    若基线 70%  →  P(至少 53/57) = 0.000024
