========================================================================================================================================
① 顶部信号现状（首破 100）
========================================================================================================================================
  　生产 6 板块                           n=  9  命中 2/9    22.2%  下界   6.3%   T+20下跌 2/9  22.2%   均T+20  +7.22%   最大踏空 +35.26%   T+60下跌 2/9
  　生产 6 板块 · 交付窗口                    n=  9  命中 2/9    22.2%  下界   6.3%   T+20下跌 2/9  22.2%   均T+20  +7.22%   最大踏空 +35.26%   T+60下跌 2/9
  　长历史 8 宽基 trail                    n= 29  命中 8/29   27.6%  下界  14.7%   T+20下跌 8/29  27.6%   均T+20  +5.92%   最大踏空 +35.26%   T+60下跌 15/29
  　长历史 8 宽基 trail · 交付窗口             n= 12  命中 4/12   33.3%  下界  13.8%   T+20下跌 4/12  33.3%   均T+20  +6.42%   最大踏空 +35.26%   T+60下跌 4/12
  　长历史 8 宽基 expand                   n= 19  命中 3/19   15.8%  下界   5.5%   T+20下跌 8/19  42.1%   均T+20  +1.42%   最大踏空 +17.25%   T+60下跌 14/19
  　长历史 8 宽基 expand · 交付窗口            n=  8  命中 0/8     0.0%  下界   0.0%   T+20下跌 5/8  62.5%   均T+20  +0.08%   最大踏空 +17.25%   T+60下跌 3/8

========================================================================================================================================
② 分年度（长历史 expand 锚）—— 2015 年才有真正的顶
========================================================================================================================================
                       2015     2019     2020     2024          合计
  T+20 命中               0/1      0/4      3/6      0/8        3/19
  T+20 下跌               0/1      0/4      3/6      5/8        8/19
  T+60 下跌               1/1      4/4      6/6      3/8       14/19

========================================================================================================================================
③ 顶部信号逐条明细（长历史 expand，按年份）
========================================================================================================================================
  board       date  score   ret20   run20    ret60 mg_pct mg_chg20 bna_pct  top_reso  ok20
  HS300 2019-03-06  100.6  +4.52%  +4.52%   -6.49%   43.2   +12.3%    31.7         3 False
  HS300 2020-07-06  102.9  +2.17%  +3.92%   -1.89%  100.0    +9.2%    26.0         5 False
  HS300 2024-09-30  111.8  -1.82%  +5.93%   -0.47%   18.0    +0.4%    62.5         8 False
CSI1000 2019-03-07  102.7  +6.51%  +6.51%  -12.23%   46.0   +14.6%    31.3         3 False
CSI1000 2024-09-30  105.7  +6.03%  +8.64%   +7.66%   18.0    +0.4%    62.5         8 False
CHINEXT 2024-09-30  116.9  +0.50% +17.25%   +1.43%   18.0    +0.4%    62.5         8 False
   SZ50 2020-07-06  101.8  -2.76%  +2.01%   -3.66%  100.0    +9.2%    26.0         5  True
   SZ50 2024-09-30  108.8  -2.89%  +3.55%   -1.33%   18.0    +0.4%    62.5         8 False
 CSI100 2020-07-06  100.6  -1.92%  +2.21%   -3.00%  100.0    +9.2%    26.0         5  True
 CSI100 2024-09-30  112.4  -2.54%  +6.04%   -2.12%   18.0    +0.4%    62.5         8 False
 CSI500 2015-05-25  104.2  +0.07% +15.00%  -18.71%   99.6   +13.8%     5.6         1 False
 CSI500 2019-03-05  102.1  +9.07%  +9.07%   -8.34%   41.2   +10.1%    32.7         2 False
 CSI500 2020-07-08  100.8  +3.63%  +5.57%   -5.25%  100.0   +15.0%     8.8         6 False
 CSI500 2024-09-30  111.7  +3.23%  +7.18%   +2.71%   18.0    +0.4%    62.5         8 False
 CSI800 2019-02-25  100.2  +2.66%  +4.86%   -3.73%   17.6    +2.3%    69.1         1 False
 CSI800 2020-07-06  102.1  +3.33%  +5.27%   -1.90%  100.0    +9.2%    26.0         5 False
 CSI800 2024-09-30  112.1  -0.55%  +6.24%   +0.33%   18.0    +0.4%    62.5         8 False
  SH180 2020-07-06  101.6  -0.99%  +2.89%   -2.85%  100.0    +9.2%    26.0         5  True
  SH180 2024-09-30  108.2  -1.30%  +4.18%   +0.32%   18.0    +0.4%    62.5         8 False

========================================================================================================================================
④ 门槛扫描：顶部也要「杠杆挤满」吗？
========================================================================================================================================
　（对照）无过滤
  　生产                                n=  9  命中 2/9    22.2%  下界   6.3%   T+20下跌 2/9  22.2%   均T+20  +7.22%   最大踏空 +35.26%   T+60下跌 2/9
  　长历史trail                          n= 29  命中 8/29   27.6%  下界  14.7%   T+20下跌 8/29  27.6%   均T+20  +5.92%   最大踏空 +35.26%   T+60下跌 15/29
  　长历史expand                         n= 19  命中 3/19   15.8%  下界   5.5%   T+20下跌 8/19  42.1%   均T+20  +1.42%   最大踏空 +17.25%   T+60下跌 14/19

──── 融资余额分位 >= 70 ────
  　生产                                无样本
  　长历史trail                          n=  8  命中 3/8    37.5%  下界  13.7%   T+20下跌 3/8  37.5%   均T+20  +1.67%   最大踏空 +15.00%   T+60下跌 8/8
  　长历史expand                         n=  7  命中 3/7    42.9%  下界  15.8%   T+20下跌 3/7  42.9%   均T+20  +0.50%   最大踏空 +15.00%   T+60下跌 7/7

──── 融资余额分位 >= 80 ────
  　生产                                无样本
  　长历史trail                          n=  8  命中 3/8    37.5%  下界  13.7%   T+20下跌 3/8  37.5%   均T+20  +1.67%   最大踏空 +15.00%   T+60下跌 8/8
  　长历史expand                         n=  7  命中 3/7    42.9%  下界  15.8%   T+20下跌 3/7  42.9%   均T+20  +0.50%   最大踏空 +15.00%   T+60下跌 7/7

──── 融资余额分位 >= 90 ────
  　生产                                无样本
  　长历史trail                          n=  8  命中 3/8    37.5%  下界  13.7%   T+20下跌 3/8  37.5%   均T+20  +1.67%   最大踏空 +15.00%   T+60下跌 8/8
  　长历史expand                         n=  7  命中 3/7    42.9%  下界  15.8%   T+20下跌 3/7  42.9%   均T+20  +0.50%   最大踏空 +15.00%   T+60下跌 7/7

──── 加杠杆 20日 >= +3% ────
  　生产                                无样本
  　长历史trail                          n= 10  命中 3/10   30.0%  下界  10.8%   T+20下跌 3/10  30.0%   均T+20  +2.31%   最大踏空 +15.00%   T+60下跌 10/10
  　长历史expand                         n= 10  命中 3/10   30.0%  下界  10.8%   T+20下跌 3/10  30.0%   均T+20  +2.36%   最大踏空 +15.00%   T+60下跌 10/10

──── 加杠杆 20日 >= +5% ────
  　生产                                无样本
  　长历史trail                          n= 10  命中 3/10   30.0%  下界  10.8%   T+20下跌 3/10  30.0%   均T+20  +2.31%   最大踏空 +15.00%   T+60下跌 10/10
  　长历史expand                         n= 10  命中 3/10   30.0%  下界  10.8%   T+20下跌 3/10  30.0%   均T+20  +2.36%   最大踏空 +15.00%   T+60下跌 10/10

──── 加杠杆 60日 >= +8% ────
  　生产                                n=  6  命中 0/6     0.0%  下界   0.0%   T+20下跌 0/6   0.0%   均T+20 +11.38%   最大踏空 +35.26%   T+60下跌 0/6
  　长历史trail                          n= 18  命中 3/18   16.7%  下界   5.8%   T+20下跌 3/18  16.7%   均T+20  +6.22%   最大踏空 +35.26%   T+60下跌 10/18
  　长历史expand                         n= 16  命中 3/16   18.8%  下界   6.6%   T+20下跌 8/16  50.0%   均T+20  +0.67%   最大踏空 +17.25%   T+60下跌 11/16

──── 破净分位 <= 40（估值贵） ────
  　生产                                n=  3  命中 2/3    66.7%  下界  20.8%   T+20下跌 2/3  66.7%   均T+20  -1.09%   最大踏空  +4.44%   T+60下跌 2/3
  　长历史trail                          n= 12  命中 5/12   41.7%  下界  19.3%   T+20下跌 5/12  41.7%   均T+20  +1.33%   最大踏空 +15.00%   T+60下跌 12/12
  　长历史expand                         n= 10  命中 3/10   30.0%  下界  10.8%   T+20下跌 3/10  30.0%   均T+20  +2.36%   最大踏空 +15.00%   T+60下跌 10/10

──── 破净分位 <= 25 ────
  　生产                                n=  3  命中 2/3    66.7%  下界  20.8%   T+20下跌 2/3  66.7%   均T+20  -1.09%   最大踏空  +4.44%   T+60下跌 2/3
  　长历史trail                          n=  4  命中 2/4    50.0%  下界  15.0%   T+20下跌 2/4  50.0%   均T+20  -0.16%   最大踏空 +15.00%   T+60下跌 4/4
  　长历史expand                         n=  2  命中 0/2     0.0%  下界   0.0%   T+20下跌 0/2   0.0%   均T+20  +1.85%   最大踏空 +15.00%   T+60下跌 2/2

──── 狂热广度 top_reso>=2 ────
  　生产                                n=  8  命中 2/8    25.0%  下界   7.1%   T+20下跌 2/8  25.0%   均T+20  +6.91%   最大踏空 +35.26%   T+60下跌 2/8
  　长历史trail                          n= 27  命中 7/27   25.9%  下界  13.2%   T+20下跌 7/27  25.9%   均T+20  +6.40%   最大踏空 +35.26%   T+60下跌 13/27
  　长历史expand                         n= 17  命中 3/17   17.6%  下界   6.2%   T+20下跌 8/17  47.1%   均T+20  +1.43%   最大踏空 +17.25%   T+60下跌 12/17

──── 狂热广度 top_reso>=3 ────
  　生产                                n=  6  命中 1/6    16.7%  下界   3.0%   T+20下跌 1/6  16.7%   均T+20  +8.66%   最大踏空 +35.26%   T+60下跌 1/6
  　长历史trail                          n= 23  命中 4/23   17.4%  下界   7.0%   T+20下跌 4/23  17.4%   均T+20  +7.80%   最大踏空 +35.26%   T+60下跌 9/23
  　长历史expand                         n= 16  命中 3/16   18.8%  下界   6.6%   T+20下跌 8/16  50.0%   均T+20  +0.95%   最大踏空 +17.25%   T+60下跌 11/16

========================================================================================================================================
⑤ 组合（顶部的对称假说：杠杆挤满 + 全场狂热）
========================================================================================================================================

──── 杠杆分位>=80 且 破净分位<=40 ────
  　生产                                无样本
  　长历史trail                          n=  8  命中 3/8    37.5%  下界  13.7%   T+20下跌 3/8  37.5%   均T+20  +1.67%   最大踏空 +15.00%   T+60下跌 8/8
  　长历史expand                         n=  7  命中 3/7    42.9%  下界  15.8%   T+20下跌 3/7  42.9%   均T+20  +0.50%   最大踏空 +15.00%   T+60下跌 7/7

──── 杠杆分位>=80 且 reso>=2 ────
  　生产                                无样本
  　长历史trail                          n=  7  命中 3/7    42.9%  下界  15.8%   T+20下跌 3/7  42.9%   均T+20  +1.90%   最大踏空  +9.52%   T+60下跌 7/7
  　长历史expand                         n=  6  命中 3/6    50.0%  下界  18.8%   T+20下跌 3/6  50.0%   均T+20  +0.58%   最大踏空  +5.57%   T+60下跌 6/6

──── 加杠杆>=3% 且 杠杆分位>=80 ────
  　生产                                无样本
  　长历史trail                          n=  8  命中 3/8    37.5%  下界  13.7%   T+20下跌 3/8  37.5%   均T+20  +1.67%   最大踏空 +15.00%   T+60下跌 8/8
  　长历史expand                         n=  7  命中 3/7    42.9%  下界  15.8%   T+20下跌 3/7  42.9%   均T+20  +0.50%   最大踏空 +15.00%   T+60下跌 7/7

──── 三项全满足 ────
  　生产                                无样本
  　长历史trail                          n=  7  命中 3/7    42.9%  下界  15.8%   T+20下跌 3/7  42.9%   均T+20  +1.90%   最大踏空  +9.52%   T+60下跌 7/7
  　长历史expand                         n=  6  命中 3/6    50.0%  下界  18.8%   T+20下跌 3/6  50.0%   均T+20  +0.58%   最大踏空  +5.57%   T+60下跌 6/6
