====================================================================================================================================
① 邻域扰动：顶部「杠杆挤满」门槛 50 → 95
====================================================================================================================================
  门槛            生产 n   trail T+60跌    expand T+60跌   expand T+20命中        最大踏空
  >= 50            0         10/10             7/7             3/7     +15.00%
  >= 60            0           9/9             7/7             3/7     +15.00%
  >= 65            0           9/9             7/7             3/7     +15.00%
  >= 70            0           8/8             7/7             3/7     +15.00%
  >= 75            0           8/8             7/7             3/7     +15.00%
  >= 80            0           8/8             7/7             3/7     +15.00%
  >= 90            0           8/8             7/7             3/7     +15.00%
  >= 95            0           8/8             7/7             3/7     +15.00%

====================================================================================================================================
② 随机基线对照（T+60 下跌）—— 不放对照就不能信
====================================================================================================================================

  ── 融资余额分位 >= 70 ──
  【长历史 trail · mg_pct>=70】 n=8   T+60 下跌 8/8 = 100.0%   随机基线  47.6% ± 17.8%   P(≥观测|基线) = 0.00265   提升 +52.4pp
  【长历史 expand · mg_pct>=70】 n=7   T+60 下跌 7/7 = 100.0%   随机基线  46.7% ± 18.5%   P(≥观测|基线) = 0.00484   提升 +53.3pp

  ── 融资余额分位 >= 80 ──
  【长历史 trail · mg_pct>=80】 n=8   T+60 下跌 8/8 = 100.0%   随机基线  47.9% ± 17.6%   P(≥观测|基线) = 0.00276   提升 +52.1pp
  【长历史 expand · mg_pct>=80】 n=7   T+60 下跌 7/7 = 100.0%   随机基线  47.0% ± 18.8%   P(≥观测|基线) = 0.00509   提升 +53.0pp

  对照：不加任何过滤的顶部信号
  【长历史 trail · 无过滤】 n=29   T+60 下跌 15/29 =  51.7%   随机基线  47.5% ± 9.3%   P(≥观测|基线) = 0.39316   提升 +4.2pp
  【长历史 expand · 无过滤】 n=19   T+60 下跌 14/19 =  73.7%   随机基线  47.2% ± 11.4%   P(≥观测|基线) = 0.01795   提升 +26.5pp

====================================================================================================================================
③ 顶部该不该换尺度？T+20 vs T+60（长历史 expand，杠杆分位>=70）
====================================================================================================================================
  T+20   下跌 3/7 =  42.9%   严格命中(下跌且不踏空>3%) 3/7   最大踏空 +15.00%   均收益  +0.50%
  T+60   下跌 7/7 = 100.0%   严格命中(下跌且不踏空>3%) 3/7   最大踏空 +15.00%   均收益  -5.32%

  对照：无过滤
  T+20   下跌 8/19 =  42.1%   严格命中 3/19   最大踏空 +17.25%   均收益  +1.42%
  T+60   下跌 14/19 =  73.7%   严格命中 3/19   最大踏空 +17.25%   均收益  -3.13%

====================================================================================================================================
④ 生产窗口为什么无样本 —— 近 3 年每次破 100 时的融资余额分位
====================================================================================================================================
  board       date  score   ret20    ret60 mg_pct  top_reso
  HS300 2024-09-26  102.4  +9.75%  +12.47%   10.0         1
     SH 2024-09-27  115.4  +5.98%  +10.13%   12.0         5
CHINEXT 2024-09-27  117.7 +12.64%  +16.94%   12.0         5
CSI2000 2024-09-27  104.5 +15.01%  +25.79%   12.0         5
CSI1000 2024-09-27  110.4 +15.45%  +20.15%   12.0         5
   STAR 2024-09-30  119.7  +9.43%  +17.00%   18.0         6
CSI2000 2024-11-08  100.4  +4.44%   +1.94%   12.4         2
CSI1000 2024-11-08  100.7  -1.14%   -3.63%   12.4         2
   STAR 2024-11-11  100.5  -6.56%   -3.04%   12.8         3

  生产窗口顶部信号的 mg_pct：最小 10.0  最大 18.0   中位 12.0
  长历史 trail  顶部信号的 mg_pct：最小 4.0  最大 100.0   中位 12.0

  全市场融资余额分位的分布（近 3 年 vs 全历史）：
    近 3 年（>= 2023-09-20）：中位 63.6   最高 100.0   处于 >=70 的天数占比 48.7%
    全历史           ：中位 88.8   最高 100.0   处于 >=70 的天数占比 63.4%
