======================================================================================================================
✓ macro_china_market_margin_sh   shape=(3998, 7)
  列： ['日期', '融资买入额', '融资余额', '融券卖出量', '融券余量', '融券余额', '融资融券余额']
           日期    融资买入额     融资余额  融券卖出量  融券余量   融券余额   融资融券余额
0  2010-03-31  5866316  5824813   3100  2900  24142  5848955
1  2010-04-01  1054024  6842114      0  2200  17325  6859439
2  2010-04-02   207516  6762781      0  1500  11929  6774710
  ...
              日期        融资买入额           融资余额     融券卖出量        融券余量         融券余额         融资融券余额
3995  2026-09-15  71445949560  1328441618920  55656947  3145973984  18560272513  1347001891433
3996  2026-09-16  89446018949  1333197305694  51936165  3133623107  18661378441  1351858684135
3997  2026-09-17  86046179377  1334104866205  50021542  3128855707  18578720695  1352683586900
  >> 日期列 [日期]  范围 2010-03-31 00:00:00 ~ 2026-09-17 00:00:00   唯一值 3998
======================================================================================================================
✓ macro_china_market_margin_sz   shape=(3800, 7)
  列： ['日期', '融资买入额', '融资余额', '融券卖出量', '融券余量', '融券余额', '融资融券余额']
           日期      融资买入额        融资余额   融券卖出量    融券余量      融券余额      融资融券余额
0  2010-03-31   684569.0    670796.0  4000.0  3900.0   70895.0    741691.0
1  2010-04-08  6713260.0  14467758.0  2100.0  3100.0   56023.0  14523781.0
2  2010-04-09  9357095.0  19732998.0  6700.0  5400.0  108362.0  19841360.0
  ...
              日期         融资买入额          融资余额  融券卖出量  融券余量          融券余额        融资融券余额
3797  2026-09-15  6.305960e+10  1.261569e+12    NaN   NaN  1.062303e+10  1.272192e+12
3798  2026-09-16  7.943960e+10  1.265993e+12    NaN   NaN  1.059997e+10  1.276593e+12
3799  2026-09-17  7.551456e+10  1.267422e+12    NaN   NaN  1.065560e+10  1.278077e+12
  >> 日期列 [日期]  范围 2010-03-31 00:00:00 ~ 2026-09-17 00:00:00   唯一值 3800
======================================================================================================================
✓ stock_a_below_net_asset_statistics   shape=(5263, 4)
  列： ['date', 'below_net_asset', 'total_company', 'below_net_asset_ratio']
         date  below_net_asset  total_company  below_net_asset_ratio
0  2005-01-05               36           1352                 0.0266
1  2005-01-06               31           1352                 0.0229
2  2005-01-07               32           1352                 0.0237
  ...
            date  below_net_asset  total_company  below_net_asset_ratio
5260  2026-09-16              443           5221                 0.0848
5261  2026-09-17              441           5221                 0.0845
5262  2026-09-18              435           5221                 0.0833
  >> 日期列 [date]  范围 2005-01-05 00:00:00 ~ 2026-09-18 00:00:00   唯一值 5258
======================================================================================================================
✗ stock_account_statistics_em   TypeError: stock_account_statistics_em() got an unexpected keyword argument 'symbol'
